 zlibwapi

 Timestamp is 68199c52 (Mon May  5 22:21:22 2025)

 Preferred load address is 0000000180000000

 Start         Length     Name                   Class
 0001:00000000 00012980H .text$mn                CODE
 0001:00012980 00000036H .text$mn$00             CODE
 0001:000129b6 00000092H .text$x                 CODE
 0002:00000000 00000248H .idata$5                DATA
 0002:00000248 00000038H .00cfg                  DATA
 0002:00000280 00000008H .CRT$XCA                DATA
 0002:00000288 00000008H .CRT$XCZ                DATA
 0002:00000290 00000008H .CRT$XIA                DATA
 0002:00000298 00000008H .CRT$XIZ                DATA
 0002:000002a0 00000008H .CRT$XPA                DATA
 0002:000002a8 00000008H .CRT$XPZ                DATA
 0002:000002b0 00000008H .CRT$XTA                DATA
 0002:000002b8 00000008H .CRT$XTZ                DATA
 0002:000002c0 00000000H .gehcont$y              DATA
 0002:000002c0 00000000H .gfids$y                DATA
 0002:000002c0 000044c0H .rdata                  DATA
 0002:00004780 00000080H .rdata$CastGuardVftablesA DATA
 0002:00004800 00000080H .rdata$CastGuardVftablesC DATA
 0002:00004880 00000084H .rdata$voltmd           DATA
 0002:00004904 0000033cH .rdata$zzzdbg           DATA
 0002:00004c40 00000008H .rtc$IAA                DATA
 0002:00004c48 00000008H .rtc$IZZ                DATA
 0002:00004c50 00000008H .rtc$TAA                DATA
 0002:00004c58 00000008H .rtc$TZZ                DATA
 0002:00004c60 00001820H .xdata                  DATA
 0002:00006480 00000cfcH .edata                  DATA
 0002:0000717c 000000a0H .idata$2                DATA
 0002:0000721c 00000014H .idata$3                DATA
 0002:00007230 00000248H .idata$4                DATA
 0002:00007478 00000522H .idata$6                DATA
 0003:00000000 000000c0H .data                   DATA
 0003:000000c0 000000b0H .bss                    DATA
 0004:00000000 00001188H .pdata                  DATA
 0005:00000000 00000060H .rsrc$01                DATA
 0005:00000060 00000338H .rsrc$02                DATA

  Address         Publics by Value              Rva+Base               Lib:Object

 0000:00000000       __AbsoluteZero             0000000000000000     <absolute>
 0000:00000000       ___safe_se_handler_count   0000000000000000     <absolute>
 0000:00000000       ___safe_se_handler_table   0000000000000000     <absolute>
 0000:00000000       __arm64x_extra_rfe_table   0000000000000000     <absolute>
 0000:00000000       __arm64x_extra_rfe_table_size 0000000000000000     <absolute>
 0000:00000000       __arm64x_native_entrypoint 0000000000000000     <absolute>
 0000:00000000       __arm64x_redirection_metadata 0000000000000000     <absolute>
 0000:00000000       __arm64x_redirection_metadata_count 0000000000000000     <absolute>
 0000:00000000       __dynamic_value_reloc_table 0000000000000000     <absolute>
 0000:00000000       __enclave_config           0000000000000000     <absolute>
 0000:00000000       __guard_check_icall_a64n_fptr 0000000000000000     <absolute>
 0000:00000000       __guard_eh_cont_count      0000000000000000     <absolute>
 0000:00000000       __guard_eh_cont_table      0000000000000000     <absolute>
 0000:00000000       __guard_fids_count         0000000000000000     <absolute>
 0000:00000000       __guard_fids_table         0000000000000000     <absolute>
 0000:00000000       __guard_iat_count          0000000000000000     <absolute>
 0000:00000000       __guard_iat_table          0000000000000000     <absolute>
 0000:00000000       __guard_longjmp_count      0000000000000000     <absolute>
 0000:00000000       __guard_longjmp_table      0000000000000000     <absolute>
 0000:00000000       __hybrid_auxiliary_delayload_iat 0000000000000000     <absolute>
 0000:00000000       __hybrid_auxiliary_delayload_iat_copy 0000000000000000     <absolute>
 0000:00000000       __hybrid_auxiliary_iat     0000000000000000     <absolute>
 0000:00000000       __hybrid_auxiliary_iat_copy 0000000000000000     <absolute>
 0000:00000000       __hybrid_code_map          0000000000000000     <absolute>
 0000:00000000       __hybrid_code_map_count    0000000000000000     <absolute>
 0000:00000000       __hybrid_image_info_bitfield 0000000000000000     <absolute>
 0000:00000000       __x64_code_ranges_to_entry_points 0000000000000000     <absolute>
 0000:00000000       __x64_code_ranges_to_entry_points_count 0000000000000000     <absolute>
 0000:00000100       __guard_flags              0000000000000100     <absolute>
 0000:00000000       __ImageBase                0000000180000000     <linker-defined>
 0001:00000000       adler32_z                  0000000180001000 f   adler32.obj
 0001:000002e0       adler32                    00000001800012e0 f   adler32.obj
 0001:000003d0       adler32_combine            00000001800013d0 f   adler32.obj
 0001:000003e0       compress2                  00000001800013e0 f   compress.obj
 0001:000004e0       compress                   00000001800014e0 f   compress.obj
 0001:00000500       compressBound              0000000180001500 f   compress.obj
 0001:00000520       get_crc_table              0000000180001520 f   crc32.obj
 0001:00000530       crc32_z                    0000000180001530 f   crc32.obj
 0001:00000540       crc32                      0000000180001540 f   crc32.obj
 0001:00000da0       crc32_combine              0000000180001da0 f   crc32.obj
 0001:00000e30       deflateInit_               0000000180001e30 f   deflate.obj
 0001:00000e70       deflateInit2_              0000000180001e70 f   deflate.obj
 0001:00001160       deflateSetDictionary       0000000180002160 f   deflate.obj
 0001:00001360       deflateGetDictionary       0000000180002360 f   deflate.obj
 0001:000013e0       deflateResetKeep           00000001800023e0 f   deflate.obj
 0001:00001490       deflateReset               0000000180002490 f   deflate.obj
 0001:000014c0       deflateSetHeader           00000001800024c0 f   deflate.obj
 0001:00001500       deflatePending             0000000180002500 f   deflate.obj
 0001:00001550       deflatePrime               0000000180002550 f   deflate.obj
 0001:00001600       deflateParams              0000000180002600 f   deflate.obj
 0001:00001770       deflateTune                0000000180002770 f   deflate.obj
 0001:000017c0       deflateBound               00000001800027c0 f   deflate.obj
 0001:00001990       deflate                    0000000180002990 f   deflate.obj
 0001:00002300       deflateEnd                 0000000180003300 f   deflate.obj
 0001:000023f0       deflateCopy                00000001800033f0 f   deflate.obj
 0001:00003cc0       gzclose                    0000000180004cc0 f   gzclose.obj
 0001:00003ce0       __local_stdio_printf_options 0000000180004ce0 f i gzlib.obj
 0001:00003cf0       vsnprintf                  0000000180004cf0 f i gzlib.obj
 0001:00003d60       snprintf                   0000000180004d60 f i gzlib.obj
 0001:00004140       gzopen                     0000000180005140 f   gzlib.obj
 0001:00004150       gzdopen                    0000000180005150 f   gzlib.obj
 0001:000041e0       gzopen_w                   00000001800051e0 f   gzlib.obj
 0001:000041f0       gzbuffer                   00000001800051f0 f   gzlib.obj
 0001:00004230       gzrewind                   0000000180005230 f   gzlib.obj
 0001:00004290       gzseek64                   0000000180005290 f   gzlib.obj
 0001:000043e0       gzseek                     00000001800053e0 f   gzlib.obj
 0001:00004410       gztell64                   0000000180005410 f   gzlib.obj
 0001:00004450       gztell                     0000000180005450 f   gzlib.obj
 0001:00004470       gzoffset64                 0000000180005470 f   gzlib.obj
 0001:000044d0       gzoffset                   00000001800054d0 f   gzlib.obj
 0001:000044f0       gzeof                      00000001800054f0 f   gzlib.obj
 0001:00004510       gzerror                    0000000180005510 f   gzlib.obj
 0001:00004560       gzclearerr                 0000000180005560 f   gzlib.obj
 0001:000045a0       gz_error                   00000001800055a0 f   gzlib.obj
 0001:00004da0       gzread                     0000000180005da0 f   gzread.obj
 0001:00004e10       gzfread                    0000000180005e10 f   gzread.obj
 0001:00004e90       gzgetc                     0000000180005e90 f   gzread.obj
 0001:00004f10       gzgetc_                    0000000180005f10 f   gzread.obj
 0001:00004f20       gzungetc                   0000000180005f20 f   gzread.obj
 0001:00005040       gzgets                     0000000180006040 f   gzread.obj
 0001:00005170       gzdirect                   0000000180006170 f   gzread.obj
 0001:000051b0       gzclose_r                  00000001800061b0 f   gzread.obj
 0001:00005740       gzwrite                    0000000180006740 f   gzwrite.obj
 0001:00005790       gzfwrite                   0000000180006790 f   gzwrite.obj
 0001:00005810       gzputc                     0000000180006810 f   gzwrite.obj
 0001:000058e0       gzputs                     00000001800068e0 f   gzwrite.obj
 0001:00005950       gzvprintf                  0000000180006950 f   gzwrite.obj
 0001:00005ae0       gzprintf                   0000000180006ae0 f   gzwrite.obj
 0001:00005b10       gzflush                    0000000180006b10 f   gzwrite.obj
 0001:00005b80       gzsetparams                0000000180006b80 f   gzwrite.obj
 0001:00005c80       gzclose_w                  0000000180006c80 f   gzwrite.obj
 0001:00005d50       inflateBackInit_           0000000180006d50 f   infback.obj
 0001:00005ea0       inflateBack                0000000180006ea0 f   infback.obj
 0001:00006e30       inflateBackEnd             0000000180007e30 f   infback.obj
 0001:00006e80       inflate_fast               0000000180007e80 f   inffas8664.obj
 0001:00007090       inflateResetKeep           0000000180008090 f   inflate.obj
 0001:00007120       inflateReset               0000000180008120 f   inflate.obj
 0001:00007150       inflateReset2              0000000180008150 f   inflate.obj
 0001:000071f0       inflateInit2_              00000001800081f0 f   inflate.obj
 0001:000072f0       inflateInit_               00000001800082f0 f   inflate.obj
 0001:00007300       inflatePrime               0000000180008300 f   inflate.obj
 0001:000074a0       inflate                    00000001800084a0 f   inflate.obj
 0001:00008ca0       inflateEnd                 0000000180009ca0 f   inflate.obj
 0001:00008d10       inflateGetDictionary       0000000180009d10 f   inflate.obj
 0001:00008da0       inflateSetDictionary       0000000180009da0 f   inflate.obj
 0001:00008e60       inflateGetHeader           0000000180009e60 f   inflate.obj
 0001:00008f10       inflateSync                0000000180009f10 f   inflate.obj
 0001:00009040       inflateSyncPoint           000000018000a040 f   inflate.obj
 0001:00009080       inflateCopy                000000018000a080 f   inflate.obj
 0001:00009240       inflateUndermine           000000018000a240 f   inflate.obj
 0001:00009270       inflateValidate            000000018000a270 f   inflate.obj
 0001:000092b0       inflateMark                000000018000a2b0 f   inflate.obj
 0001:00009320       inflateCodesUsed           000000018000a320 f   inflate.obj
 0001:00009360       inflate_table              000000018000a360 f   inftrees.obj
 0001:00009900       call_zopen64               000000018000a900 f   ioapi.obj
 0001:00009920       call_zseek64               000000018000a920 f   ioapi.obj
 0001:00009950       call_ztell64               000000018000a950 f   ioapi.obj
 0001:00009990       fill_zlib_filefunc64_32_def_from_filefunc32 000000018000a990 f   ioapi.obj
 0001:00009ba0       fill_fopen64_filefunc      000000018000aba0 f   ioapi.obj
 0001:00009cd0       win32_open64_file_func     000000018000acd0 f   iowin32.obj
 0001:00009d50       win32_open64_file_funcA    000000018000ad50 f   iowin32.obj
 0001:00009dd0       win32_open64_file_funcW    000000018000add0 f   iowin32.obj
 0001:00009e50       win32_open_file_func       000000018000ae50 f   iowin32.obj
 0001:00009ed0       win32_read_file_func       000000018000aed0 f   iowin32.obj
 0001:00009f40       win32_write_file_func      000000018000af40 f   iowin32.obj
 0001:0000a020       win32_tell_file_func       000000018000b020 f   iowin32.obj
 0001:0000a080       win32_tell64_file_func     000000018000b080 f   iowin32.obj
 0001:0000a0e0       win32_seek_file_func       000000018000b0e0 f   iowin32.obj
 0001:0000a160       win32_seek64_file_func     000000018000b160 f   iowin32.obj
 0001:0000a1e0       win32_close_file_func      000000018000b1e0 f   iowin32.obj
 0001:0000a220       win32_error_file_func      000000018000b220 f   iowin32.obj
 0001:0000a230       fill_win32_filefunc        000000018000b230 f   iowin32.obj
 0001:0000a290       fill_win32_filefunc64      000000018000b290 f   iowin32.obj
 0001:0000a2f0       fill_win32_filefunc64A     000000018000b2f0 f   iowin32.obj
 0001:0000a350       fill_win32_filefunc64W     000000018000b350 f   iowin32.obj
 0001:0000a3c0       _tr_init                   000000018000b3c0 f   trees.obj
 0001:0000b5d0       _tr_stored_block           000000018000c5d0 f   trees.obj
 0001:0000b6e0       _tr_flush_bits             000000018000c6e0 f   trees.obj
 0001:0000b6f0       _tr_align                  000000018000c6f0 f   trees.obj
 0001:0000b7e0       _tr_flush_block            000000018000c7e0 f   trees.obj
 0001:0000c010       uncompress2                000000018000d010 f   uncompr.obj
 0001:0000c170       uncompress                 000000018000d170 f   uncompr.obj
 0001:0000c540       unzStringFileNameCompare   000000018000d540 f   unzip.obj
 0001:0000cd70       unzOpen2                   000000018000dd70 f   unzip.obj
 0001:0000cdc0       unzOpen2_64                000000018000ddc0 f   unzip.obj
 0001:0000ce20       unzOpen                    000000018000de20 f   unzip.obj
 0001:0000ce30       unzOpen64                  000000018000de30 f   unzip.obj
 0001:0000ce40       unzClose                   000000018000de40 f   unzip.obj
 0001:0000ce90       unzGetGlobalInfo64         000000018000de90 f   unzip.obj
 0001:0000ceb0       unzGetGlobalInfo           000000018000deb0 f   unzip.obj
 0001:0000d4d0       unzGetCurrentFileInfo64    000000018000e4d0 f   unzip.obj
 0001:0000d520       unzGetCurrentFileInfo      000000018000e520 f   unzip.obj
 0001:0000d620       unzGoToFirstFile           000000018000e620 f   unzip.obj
 0001:0000d6a0       unzGoToNextFile            000000018000e6a0 f   unzip.obj
 0001:0000d760       unzLocateFile              000000018000e760 f   unzip.obj
 0001:0000d950       unzGetFilePos64            000000018000e950 f   unzip.obj
 0001:0000d990       unzGetFilePos              000000018000e990 f   unzip.obj
 0001:0000d9c0       unzGoToFilePos64           000000018000e9c0 f   unzip.obj
 0001:0000da40       unzGoToFilePos             000000018000ea40 f   unzip.obj
 0001:0000dca0       unzOpenCurrentFile3        000000018000eca0 f   unzip.obj
 0001:0000df40       unzOpenCurrentFile         000000018000ef40 f   unzip.obj
 0001:0000df60       unzOpenCurrentFilePassword 000000018000ef60 f   unzip.obj
 0001:0000df80       unzOpenCurrentFile2        000000018000ef80 f   unzip.obj
 0001:0000dfa0       unzGetCurrentFileZStreamPos64 000000018000efa0 f   unzip.obj
 0001:0000dfc0       unzReadCurrentFile         000000018000efc0 f   unzip.obj
 0001:0000e280       unztell                    000000018000f280 f   unzip.obj
 0001:0000e2a0       unztell64                  000000018000f2a0 f   unzip.obj
 0001:0000e2d0       unzeof                     000000018000f2d0 f   unzip.obj
 0001:0000e300       unzGetLocalExtrafield      000000018000f300 f   unzip.obj
 0001:0000e3f0       unzCloseCurrentFile        000000018000f3f0 f   unzip.obj
 0001:0000e4b0       unzGetGlobalComment        000000018000f4b0 f   unzip.obj
 0001:0000f100       LoadCentralDirectoryRecord 0000000180010100 f   zip.obj
 0001:0000f4c0       zipOpen3                   00000001800104c0 f   zip.obj
 0001:0000f660       zipOpen2                   0000000180010660 f   zip.obj
 0001:0000f6b0       zipOpen2_64                00000001800106b0 f   zip.obj
 0001:0000f710       zipOpen                    0000000180010710 f   zip.obj
 0001:0000f720       zipOpen64                  0000000180010720 f   zip.obj
 0001:0000f730       Write_LocalFileHeader      0000000180010730 f   zip.obj
 0001:0000f9b0       zipOpenNewFileInZip4_64    00000001800109b0 f   zip.obj
 0001:0000ff70       zipOpenNewFileInZip3       0000000180010f70 f   zip.obj
 0001:00010020       zipOpenNewFileInZip3_64    0000000180011020 f   zip.obj
 0001:000100e0       zipOpenNewFileInZip2       00000001800110e0 f   zip.obj
 0001:00010170       zipOpenNewFileInZip2_64    0000000180011170 f   zip.obj
 0001:00010210       zipOpenNewFileInZip64      0000000180011210 f   zip.obj
 0001:000102a0       zipOpenNewFileInZip        00000001800112a0 f   zip.obj
 0001:00010410       zipWriteInFileInZip        0000000180011410 f   zip.obj
 0001:00010580       zipCloseFileInZipRaw       0000000180011580 f   zip.obj
 0001:00010590       zipCloseFileInZipRaw64     0000000180011590 f   zip.obj
 0001:00010aa0       zipCloseFileInZip          0000000180011aa0 f   zip.obj
 0001:00010ab0       Write_Zip64EndOfCentralDirectoryLocator 0000000180011ab0 f   zip.obj
 0001:00010b40       Write_Zip64EndOfCentralDirectoryRecord 0000000180011b40 f   zip.obj
 0001:00010c90       Write_EndOfCentralDirectoryRecord 0000000180011c90 f   zip.obj
 0001:00010dc0       Write_GlobalComment        0000000180011dc0 f   zip.obj
 0001:00010e50       zipClose                   0000000180011e50 f   zip.obj
 0001:00010fd0       zlibVersion                0000000180011fd0 f   zutil.obj
 0001:00010fe0       zlibCompileFlags           0000000180011fe0 f   zutil.obj
 0001:00010ff0       zError                     0000000180011ff0 f   zutil.obj
 0001:00011010       zcalloc                    0000000180012010 f   zutil.obj
 0001:00011020       zcfree                     0000000180012020 f   zutil.obj
 0001:00011030       longest_match              0000000180012030 f   gvmat64.obj
 0001:00011308       match_init                 0000000180012308 f   gvmat64.obj
 0001:00011310       inffas8664fnc              0000000180012310 f   inffasx64.obj
 0001:00011627       ReadFile                   0000000180012627 f   kernel32:KERNEL32.dll
 0001:0001162d       WriteFile                  000000018001262d f   kernel32:KERNEL32.dll
 0001:00011633       SetFilePointer             0000000180012633 f   kernel32:KERNEL32.dll
 0001:00011639       CreateFileW                0000000180012639 f   kernel32:KERNEL32.dll
 0001:0001163f       GetLastError               000000018001263f f   kernel32:KERNEL32.dll
 0001:00011645       CreateFileA                0000000180012645 f   kernel32:KERNEL32.dll
 0001:0001164b       CloseHandle                000000018001264b f   kernel32:KERNEL32.dll
 0001:00011980       _CRT_INIT                  0000000180012980 f   MSVCRT:dll_dllmain.obj
 0001:00011988       _DllMainCRTStartup         0000000180012988 f   MSVCRT:dll_dllmain.obj
 0001:00011a34       __security_init_cookie     0000000180012a34 f   MSVCRT:gs_support.obj
 0001:00011ae0       DllMain                    0000000180012ae0 f   MSVCRT:dll_dllmain_stub.obj
 0001:00011b04       ?__scrt_initialize_type_info@@YAXXZ 0000000180012b04 f   MSVCRT:tncleanup.obj
 0001:00011b14       ?__scrt_uninitialize_type_info@@YAXXZ 0000000180012b14 f   MSVCRT:tncleanup.obj
 0001:00011b20       __local_stdio_scanf_options 0000000180012b20 f i MSVCRT:default_local_stdio_options.obj
 0001:00011b28       __scrt_initialize_default_local_stdio_options 0000000180012b28 f   MSVCRT:default_local_stdio_options.obj
 0001:00011b44       ?configure_argv@__scrt_narrow_argv_policy@@SAHXZ 0000000180012b44 f i MSVCRT:utility.obj
 0001:00011ba4       ?initialize_environment@__scrt_narrow_environment_policy@@SAHXZ 0000000180012ba4 f i MSVCRT:utility.obj
 0001:00011bdc       NtCurrentTeb               0000000180012bdc f i MSVCRT:utility.obj
 0001:00011be8       __scrt_acquire_startup_lock 0000000180012be8 f   MSVCRT:utility.obj
 0001:00011c24       __scrt_dllmain_after_initialize_c 0000000180012c24 f   MSVCRT:utility.obj
 0001:00011c58       __scrt_dllmain_before_initialize_c 0000000180012c58 f   MSVCRT:utility.obj
 0001:00011c70       __scrt_dllmain_crt_thread_attach 0000000180012c70 f   MSVCRT:utility.obj
 0001:00011c98       __scrt_dllmain_crt_thread_detach 0000000180012c98 f   MSVCRT:utility.obj
 0001:00011cb0       __scrt_dllmain_exception_filter 0000000180012cb0 f   MSVCRT:utility.obj
 0001:00011d10       __scrt_dllmain_uninitialize_c 0000000180012d10 f   MSVCRT:utility.obj
 0001:00011d40       __scrt_dllmain_uninitialize_critical 0000000180012d40 f   MSVCRT:utility.obj
 0001:00011d54       __scrt_initialize_crt      0000000180012d54 f   MSVCRT:utility.obj
 0001:00011d90       __scrt_initialize_onexit_tables 0000000180012d90 f   MSVCRT:utility.obj
 0001:00011e1c       __scrt_is_nonwritable_in_current_image 0000000180012e1c f   MSVCRT:utility.obj
 0001:00011eb4       __scrt_release_startup_lock 0000000180012eb4 f   MSVCRT:utility.obj
 0001:00011ed8       __scrt_uninitialize_crt    0000000180012ed8 f   MSVCRT:utility.obj
 0001:00011f04       _onexit                    0000000180012f04 f   MSVCRT:utility.obj
 0001:00011f40       at_quick_exit              0000000180012f40 f   MSVCRT:utility.obj
 0001:00011f60       atexit                     0000000180012f60 f   MSVCRT:utility.obj
 0001:00011f78       __scrt_get_dyn_tls_init_callback 0000000180012f78 f   MSVCRT:dyn_tls_init.obj
 0001:00011f80       __crt_debugger_hook        0000000180012f80 f   MSVCRT:utility_desktop.obj
 0001:00011f88       __scrt_fastfail            0000000180012f88 f   MSVCRT:utility_desktop.obj
 0001:000120d0       __scrt_get_show_window_mode 00000001800130d0 f   MSVCRT:utility_desktop.obj
 0001:0001210c       __scrt_initialize_mta      000000018001310c f   MSVCRT:utility_desktop.obj
 0001:00012114       __scrt_initialize_winrt    0000000180013114 f   MSVCRT:utility_desktop.obj
 0001:00012118       __scrt_is_managed_app      0000000180013118 f   MSVCRT:utility_desktop.obj
 0001:0001216c       __scrt_set_unhandled_exception_filter 000000018001316c f   MSVCRT:utility_desktop.obj
 0001:0001217c       __scrt_exe_initialize_mta  000000018001317c f   MSVCRT:utility_desktop.obj
 0001:0001217c       __scrt_stub_for_initialize_mta 000000018001317c f   MSVCRT:utility_desktop.obj
 0001:00012180       __scrt_unhandled_exception_filter 0000000180013180 f   MSVCRT:utility_desktop.obj
 0001:000121dc       _RTC_Initialize            00000001800131dc f   MSVCRT:initsect.obj
 0001:00012218       _RTC_Terminate             0000000180013218 f   MSVCRT:initsect.obj
 0001:00012254       _guard_check_icall_nop     0000000180013254 f i MSVCRT:guard_support.obj
 0001:00012258       ReadNoFence64              0000000180013258 f i MSVCRT:guard_support.obj
 0001:0001225c       ReadPointerNoFence         000000018001325c f i MSVCRT:guard_support.obj
 0001:00012260       __castguard_check_failure_debugbreak 0000000180013260 f i MSVCRT:guard_support.obj
 0001:0001227c       __castguard_check_failure_fastfail 000000018001327c f i MSVCRT:guard_support.obj
 0001:000122a0       __castguard_check_failure_nop 00000001800132a0 f i MSVCRT:guard_support.obj
 0001:000122a4       __castguard_check_failure_os_handled 00000001800132a4 f i MSVCRT:guard_support.obj
 0001:000122f0       __castguard_check_failure_user_handled 00000001800132f0 f i MSVCRT:guard_support.obj
 0001:00012364       __castguard_set_user_handler 0000000180013364 f i MSVCRT:guard_support.obj
 0001:00012370       __castguard_slow_path_check_debugbreak 0000000180013370 f i MSVCRT:guard_support.obj
 0001:000123a4       __castguard_slow_path_check_fastfail 00000001800133a4 f i MSVCRT:guard_support.obj
 0001:000123e0       __castguard_slow_path_check_nop 00000001800133e0 f i MSVCRT:guard_support.obj
 0001:000123e4       __castguard_slow_path_check_os_handled 00000001800133e4 f i MSVCRT:guard_support.obj
 0001:00012430       __castguard_slow_path_check_user_handled 0000000180013430 f i MSVCRT:guard_support.obj
 0001:0001249c       _guard_icall_checks_enforced 000000018001349c f i MSVCRT:guard_support.obj
 0001:000124b4       _guard_rf_checks_enforced  00000001800134b4 f i MSVCRT:guard_support.obj
 0001:000124b8       __isa_available_init       00000001800134b8 f   MSVCRT:cpu_disp.obj
 0001:00012784       _get_startup_argv_mode     0000000180013784 f   MSVCRT:argv_mode.obj
 0001:0001278c       __scrt_is_ucrt_dll_in_use  000000018001378c f   MSVCRT:ucrt_detection.obj
 0001:000127a0       __C_specific_handler       00000001800137a0 f   vcruntime:VCRUNTIME140.dll
 0001:000127a6       __std_type_info_destroy_list 00000001800137a6 f   vcruntime:VCRUNTIME140.dll
 0001:000127ac       __current_exception        00000001800137ac f   vcruntime:VCRUNTIME140.dll
 0001:000127b2       __current_exception_context 00000001800137b2 f   vcruntime:VCRUNTIME140.dll
 0001:000127b8       memset                     00000001800137b8 f   vcruntime:VCRUNTIME140.dll
 0001:000127be       _lseeki64                  00000001800137be f   ucrt:api-ms-win-crt-stdio-l1-1-0.dll
 0001:000127c4       _wopen                     00000001800137c4 f   ucrt:api-ms-win-crt-stdio-l1-1-0.dll
 0001:000127ca       _open                      00000001800137ca f   ucrt:api-ms-win-crt-stdio-l1-1-0.dll
 0001:000127d0       wcstombs                   00000001800137d0 f   ucrt:api-ms-win-crt-convert-l1-1-0.dll
 0001:000127d6       __stdio_common_vsprintf    00000001800137d6 f   ucrt:api-ms-win-crt-stdio-l1-1-0.dll
 0001:000127dc       free                       00000001800137dc f   ucrt:api-ms-win-crt-heap-l1-1-0.dll
 0001:000127e2       malloc                     00000001800137e2 f   ucrt:api-ms-win-crt-heap-l1-1-0.dll
 0001:000127e8       _read                      00000001800137e8 f   ucrt:api-ms-win-crt-stdio-l1-1-0.dll
 0001:000127ee       _close                     00000001800137ee f   ucrt:api-ms-win-crt-stdio-l1-1-0.dll
 0001:000127f4       _errno                     00000001800137f4 f   ucrt:api-ms-win-crt-runtime-l1-1-0.dll
 0001:000127fa       strerror                   00000001800137fa f   ucrt:api-ms-win-crt-runtime-l1-1-0.dll
 0001:00012800       _write                     0000000180013800 f   ucrt:api-ms-win-crt-stdio-l1-1-0.dll
 0001:00012806       ftell                      0000000180013806 f   ucrt:api-ms-win-crt-stdio-l1-1-0.dll
 0001:0001280c       ferror                     000000018001380c f   ucrt:api-ms-win-crt-stdio-l1-1-0.dll
 0001:00012812       fopen                      0000000180013812 f   ucrt:api-ms-win-crt-stdio-l1-1-0.dll
 0001:00012818       fclose                     0000000180013818 f   ucrt:api-ms-win-crt-stdio-l1-1-0.dll
 0001:0001281e       fseek                      000000018001381e f   ucrt:api-ms-win-crt-stdio-l1-1-0.dll
 0001:00012824       fwrite                     0000000180013824 f   ucrt:api-ms-win-crt-stdio-l1-1-0.dll
 0001:0001282a       _ftelli64                  000000018001382a f   ucrt:api-ms-win-crt-stdio-l1-1-0.dll
 0001:00012830       fread                      0000000180013830 f   ucrt:api-ms-win-crt-stdio-l1-1-0.dll
 0001:00012836       _fseeki64                  0000000180013836 f   ucrt:api-ms-win-crt-stdio-l1-1-0.dll
 0001:0001283c       srand                      000000018001383c f   ucrt:api-ms-win-crt-utility-l1-1-0.dll
 0001:00012842       rand                       0000000180013842 f   ucrt:api-ms-win-crt-utility-l1-1-0.dll
 0001:00012848       _time64                    0000000180013848 f   ucrt:api-ms-win-crt-time-l1-1-0.dll
 0001:0001284e       _initterm                  000000018001384e f   ucrt:api-ms-win-crt-runtime-l1-1-0.dll
 0001:00012854       _initterm_e                0000000180013854 f   ucrt:api-ms-win-crt-runtime-l1-1-0.dll
 0001:0001285a       _seh_filter_dll            000000018001385a f   ucrt:api-ms-win-crt-runtime-l1-1-0.dll
 0001:00012860       _configure_narrow_argv     0000000180013860 f   ucrt:api-ms-win-crt-runtime-l1-1-0.dll
 0001:00012866       _initialize_narrow_environment 0000000180013866 f   ucrt:api-ms-win-crt-runtime-l1-1-0.dll
 0001:0001286c       _initialize_onexit_table   000000018001386c f   ucrt:api-ms-win-crt-runtime-l1-1-0.dll
 0001:00012872       _register_onexit_function  0000000180013872 f   ucrt:api-ms-win-crt-runtime-l1-1-0.dll
 0001:00012878       _execute_onexit_table      0000000180013878 f   ucrt:api-ms-win-crt-runtime-l1-1-0.dll
 0001:0001287e       _crt_atexit                000000018001387e f   ucrt:api-ms-win-crt-runtime-l1-1-0.dll
 0001:00012884       _crt_at_quick_exit         0000000180013884 f   ucrt:api-ms-win-crt-runtime-l1-1-0.dll
 0001:0001288a       _cexit                     000000018001388a f   ucrt:api-ms-win-crt-runtime-l1-1-0.dll
 0001:00012890       terminate                  0000000180013890 f   ucrt:api-ms-win-crt-runtime-l1-1-0.dll
 0001:00012896       QueryPerformanceCounter    0000000180013896 f   kernel32:KERNEL32.dll
 0001:0001289c       GetCurrentProcessId        000000018001389c f   kernel32:KERNEL32.dll
 0001:000128a2       GetCurrentThreadId         00000001800138a2 f   kernel32:KERNEL32.dll
 0001:000128a8       GetSystemTimeAsFileTime    00000001800138a8 f   kernel32:KERNEL32.dll
 0001:000128ae       DisableThreadLibraryCalls  00000001800138ae f   kernel32:KERNEL32.dll
 0001:000128b4       InitializeSListHead        00000001800138b4 f   kernel32:KERNEL32.dll
 0001:000128ba       RtlCaptureContext          00000001800138ba f   kernel32:KERNEL32.dll
 0001:000128c0       RtlLookupFunctionEntry     00000001800138c0 f   kernel32:KERNEL32.dll
 0001:000128c6       RtlVirtualUnwind           00000001800138c6 f   kernel32:KERNEL32.dll
 0001:000128cc       IsDebuggerPresent          00000001800138cc f   kernel32:KERNEL32.dll
 0001:000128d2       UnhandledExceptionFilter   00000001800138d2 f   kernel32:KERNEL32.dll
 0001:000128d8       SetUnhandledExceptionFilter 00000001800138d8 f   kernel32:KERNEL32.dll
 0001:000128de       GetStartupInfoW            00000001800138de f   kernel32:KERNEL32.dll
 0001:000128e4       IsProcessorFeaturePresent  00000001800138e4 f   kernel32:KERNEL32.dll
 0001:000128ea       GetModuleHandleW           00000001800138ea f   kernel32:KERNEL32.dll
 0001:000128f0       __acrt_initialize          00000001800138f0 f   MSVCRT:ucrt_stubs.obj
 0001:000128f0       __scrt_stub_for_acrt_initialize 00000001800138f0 f   MSVCRT:ucrt_stubs.obj
 0001:000128f0       __vcrt_initialize          00000001800138f0 f   MSVCRT:ucrt_stubs.obj
 0001:000128f4       __acrt_thread_attach       00000001800138f4 f   MSVCRT:ucrt_stubs.obj
 0001:000128f4       __scrt_stub_for_acrt_thread_attach 00000001800138f4 f   MSVCRT:ucrt_stubs.obj
 0001:000128f4       __vcrt_thread_attach       00000001800138f4 f   MSVCRT:ucrt_stubs.obj
 0001:000128f8       __acrt_thread_detach       00000001800138f8 f   MSVCRT:ucrt_stubs.obj
 0001:000128f8       __scrt_stub_for_acrt_thread_detach 00000001800138f8 f   MSVCRT:ucrt_stubs.obj
 0001:000128f8       __vcrt_thread_detach       00000001800138f8 f   MSVCRT:ucrt_stubs.obj
 0001:000128fc       __acrt_uninitialize        00000001800138fc f   MSVCRT:ucrt_stubs.obj
 0001:000128fc       __scrt_stub_for_acrt_uninitialize 00000001800138fc f   MSVCRT:ucrt_stubs.obj
 0001:000128fc       __vcrt_uninitialize        00000001800138fc f   MSVCRT:ucrt_stubs.obj
 0001:00012900       __acrt_uninitialize_critical 0000000180013900 f   MSVCRT:ucrt_stubs.obj
 0001:00012900       __scrt_stub_for_acrt_uninitialize_critical 0000000180013900 f   MSVCRT:ucrt_stubs.obj
 0001:00012900       __vcrt_uninitialize_critical 0000000180013900 f   MSVCRT:ucrt_stubs.obj
 0001:00012904       __scrt_stub_for_is_c_termination_complete 0000000180013904 f   MSVCRT:ucrt_stubs.obj
 0001:00012904       _is_c_termination_complete 0000000180013904 f   MSVCRT:ucrt_stubs.obj
 0001:00012920       __chkstk                   0000000180013920 f   MSVCRT:chkstk.obj
 0001:00012920       _alloca_probe              0000000180013920 f   MSVCRT:chkstk.obj
 0001:0001296e       memchr                     000000018001396e f   vcruntime:VCRUNTIME140.dll
 0001:00012974       memcpy                     0000000180013974 f   vcruntime:VCRUNTIME140.dll
 0001:00012990       _guard_dispatch_icall_nop  0000000180013990 f   MSVCRT:guard_dispatch.obj
 0001:000129b0       _guard_xfg_dispatch_icall_nop 00000001800139b0 f   MSVCRT:guard_xfg_dispatch.obj
 0002:00000000       __imp_ReadFile             0000000180014000     kernel32:KERNEL32.dll
 0002:00000008       __imp_WriteFile            0000000180014008     kernel32:KERNEL32.dll
 0002:00000010       __imp_SetFilePointer       0000000180014010     kernel32:KERNEL32.dll
 0002:00000018       __imp_CreateFileW          0000000180014018     kernel32:KERNEL32.dll
 0002:00000020       __imp_GetLastError         0000000180014020     kernel32:KERNEL32.dll
 0002:00000028       __imp_CreateFileA          0000000180014028     kernel32:KERNEL32.dll
 0002:00000030       __imp_CloseHandle          0000000180014030     kernel32:KERNEL32.dll
 0002:00000038       __imp_GetCurrentProcessId  0000000180014038     kernel32:KERNEL32.dll
 0002:00000040       __imp_GetCurrentThreadId   0000000180014040     kernel32:KERNEL32.dll
 0002:00000048       __imp_GetSystemTimeAsFileTime 0000000180014048     kernel32:KERNEL32.dll
 0002:00000050       __imp_DisableThreadLibraryCalls 0000000180014050     kernel32:KERNEL32.dll
 0002:00000058       __imp_InitializeSListHead  0000000180014058     kernel32:KERNEL32.dll
 0002:00000060       __imp_RtlCaptureContext    0000000180014060     kernel32:KERNEL32.dll
 0002:00000068       __imp_RtlLookupFunctionEntry 0000000180014068     kernel32:KERNEL32.dll
 0002:00000070       __imp_GetModuleHandleW     0000000180014070     kernel32:KERNEL32.dll
 0002:00000078       __imp_IsProcessorFeaturePresent 0000000180014078     kernel32:KERNEL32.dll
 0002:00000080       __imp_GetStartupInfoW      0000000180014080     kernel32:KERNEL32.dll
 0002:00000088       __imp_SetUnhandledExceptionFilter 0000000180014088     kernel32:KERNEL32.dll
 0002:00000090       __imp_UnhandledExceptionFilter 0000000180014090     kernel32:KERNEL32.dll
 0002:00000098       __imp_IsDebuggerPresent    0000000180014098     kernel32:KERNEL32.dll
 0002:000000a0       __imp_RtlVirtualUnwind     00000001800140a0     kernel32:KERNEL32.dll
 0002:000000a8       __imp_QueryPerformanceCounter 00000001800140a8     kernel32:KERNEL32.dll
 0002:000000b0       \177KERNEL32_NULL_THUNK_DATA 00000001800140b0     kernel32:KERNEL32.dll
 0002:000000b8       __imp___current_exception  00000001800140b8     vcruntime:VCRUNTIME140.dll
 0002:000000c0       __imp___std_type_info_destroy_list 00000001800140c0     vcruntime:VCRUNTIME140.dll
 0002:000000c8       __imp___C_specific_handler 00000001800140c8     vcruntime:VCRUNTIME140.dll
 0002:000000d0       __imp___current_exception_context 00000001800140d0     vcruntime:VCRUNTIME140.dll
 0002:000000d8       __imp_memset               00000001800140d8     vcruntime:VCRUNTIME140.dll
 0002:000000e0       __imp_memchr               00000001800140e0     vcruntime:VCRUNTIME140.dll
 0002:000000e8       __imp_memcpy               00000001800140e8     vcruntime:VCRUNTIME140.dll
 0002:000000f0       \177VCRUNTIME140_NULL_THUNK_DATA 00000001800140f0     vcruntime:VCRUNTIME140.dll
 0002:000000f8       __imp_wcstombs             00000001800140f8     ucrt:api-ms-win-crt-convert-l1-1-0.dll
 0002:00000100       \177api-ms-win-crt-convert-l1-1-0_NULL_THUNK_DATA 0000000180014100     ucrt:api-ms-win-crt-convert-l1-1-0.dll
 0002:00000108       __imp_free                 0000000180014108     ucrt:api-ms-win-crt-heap-l1-1-0.dll
 0002:00000110       __imp_malloc               0000000180014110     ucrt:api-ms-win-crt-heap-l1-1-0.dll
 0002:00000118       \177api-ms-win-crt-heap-l1-1-0_NULL_THUNK_DATA 0000000180014118     ucrt:api-ms-win-crt-heap-l1-1-0.dll
 0002:00000120       __imp_strerror             0000000180014120     ucrt:api-ms-win-crt-runtime-l1-1-0.dll
 0002:00000128       __imp__cexit               0000000180014128     ucrt:api-ms-win-crt-runtime-l1-1-0.dll
 0002:00000130       __imp__initterm            0000000180014130     ucrt:api-ms-win-crt-runtime-l1-1-0.dll
 0002:00000138       __imp__initterm_e          0000000180014138     ucrt:api-ms-win-crt-runtime-l1-1-0.dll
 0002:00000140       __imp__seh_filter_dll      0000000180014140     ucrt:api-ms-win-crt-runtime-l1-1-0.dll
 0002:00000148       __imp__configure_narrow_argv 0000000180014148     ucrt:api-ms-win-crt-runtime-l1-1-0.dll
 0002:00000150       __imp__initialize_narrow_environment 0000000180014150     ucrt:api-ms-win-crt-runtime-l1-1-0.dll
 0002:00000158       __imp__initialize_onexit_table 0000000180014158     ucrt:api-ms-win-crt-runtime-l1-1-0.dll
 0002:00000160       __imp__register_onexit_function 0000000180014160     ucrt:api-ms-win-crt-runtime-l1-1-0.dll
 0002:00000168       __imp__execute_onexit_table 0000000180014168     ucrt:api-ms-win-crt-runtime-l1-1-0.dll
 0002:00000170       __imp__crt_atexit          0000000180014170     ucrt:api-ms-win-crt-runtime-l1-1-0.dll
 0002:00000178       __imp__crt_at_quick_exit   0000000180014178     ucrt:api-ms-win-crt-runtime-l1-1-0.dll
 0002:00000180       __imp__errno               0000000180014180     ucrt:api-ms-win-crt-runtime-l1-1-0.dll
 0002:00000188       __imp_terminate            0000000180014188     ucrt:api-ms-win-crt-runtime-l1-1-0.dll
 0002:00000190       \177api-ms-win-crt-runtime-l1-1-0_NULL_THUNK_DATA 0000000180014190     ucrt:api-ms-win-crt-runtime-l1-1-0.dll
 0002:00000198       __imp__lseeki64            0000000180014198     ucrt:api-ms-win-crt-stdio-l1-1-0.dll
 0002:000001a0       __imp_fseek                00000001800141a0     ucrt:api-ms-win-crt-stdio-l1-1-0.dll
 0002:000001a8       __imp__wopen               00000001800141a8     ucrt:api-ms-win-crt-stdio-l1-1-0.dll
 0002:000001b0       __imp__open                00000001800141b0     ucrt:api-ms-win-crt-stdio-l1-1-0.dll
 0002:000001b8       __imp__ftelli64            00000001800141b8     ucrt:api-ms-win-crt-stdio-l1-1-0.dll
 0002:000001c0       __imp_fopen                00000001800141c0     ucrt:api-ms-win-crt-stdio-l1-1-0.dll
 0002:000001c8       __imp_ferror               00000001800141c8     ucrt:api-ms-win-crt-stdio-l1-1-0.dll
 0002:000001d0       __imp_ftell                00000001800141d0     ucrt:api-ms-win-crt-stdio-l1-1-0.dll
 0002:000001d8       __imp__write               00000001800141d8     ucrt:api-ms-win-crt-stdio-l1-1-0.dll
 0002:000001e0       __imp_fclose               00000001800141e0     ucrt:api-ms-win-crt-stdio-l1-1-0.dll
 0002:000001e8       __imp_fread                00000001800141e8     ucrt:api-ms-win-crt-stdio-l1-1-0.dll
 0002:000001f0       __imp__close               00000001800141f0     ucrt:api-ms-win-crt-stdio-l1-1-0.dll
 0002:000001f8       __imp__read                00000001800141f8     ucrt:api-ms-win-crt-stdio-l1-1-0.dll
 0002:00000200       __imp_fwrite               0000000180014200     ucrt:api-ms-win-crt-stdio-l1-1-0.dll
 0002:00000208       __imp__fseeki64            0000000180014208     ucrt:api-ms-win-crt-stdio-l1-1-0.dll
 0002:00000210       __imp___stdio_common_vsprintf 0000000180014210     ucrt:api-ms-win-crt-stdio-l1-1-0.dll
 0002:00000218       \177api-ms-win-crt-stdio-l1-1-0_NULL_THUNK_DATA 0000000180014218     ucrt:api-ms-win-crt-stdio-l1-1-0.dll
 0002:00000220       __imp__time64              0000000180014220     ucrt:api-ms-win-crt-time-l1-1-0.dll
 0002:00000228       \177api-ms-win-crt-time-l1-1-0_NULL_THUNK_DATA 0000000180014228     ucrt:api-ms-win-crt-time-l1-1-0.dll
 0002:00000230       __imp_srand                0000000180014230     ucrt:api-ms-win-crt-utility-l1-1-0.dll
 0002:00000238       __imp_rand                 0000000180014238     ucrt:api-ms-win-crt-utility-l1-1-0.dll
 0002:00000240       \177api-ms-win-crt-utility-l1-1-0_NULL_THUNK_DATA 0000000180014240     ucrt:api-ms-win-crt-utility-l1-1-0.dll
 0002:00000248       __guard_check_icall_fptr   0000000180014248     MSVCRT:guard_support.obj
 0002:00000250       __guard_xfg_check_icall_fptr 0000000180014250     MSVCRT:guard_support.obj
 0002:00000258       __guard_dispatch_icall_fptr 0000000180014258     MSVCRT:guard_support.obj
 0002:00000260       __guard_xfg_dispatch_icall_fptr 0000000180014260     MSVCRT:guard_support.obj
 0002:00000268       __guard_xfg_table_dispatch_icall_fptr 0000000180014268     MSVCRT:guard_support.obj
 0002:00000270       __castguard_check_failure_os_handled_fptr 0000000180014270     MSVCRT:guard_support.obj
 0002:00000278       __guard_memcpy_fptr        0000000180014278     vcruntime:softmemtag.obj
 0002:00000280       __xc_a                     0000000180014280     MSVCRT:initializers.obj
 0002:00000288       __xc_z                     0000000180014288     MSVCRT:initializers.obj
 0002:00000290       __xi_a                     0000000180014290     MSVCRT:initializers.obj
 0002:00000298       __xi_z                     0000000180014298     MSVCRT:initializers.obj
 0002:000002a0       __xp_a                     00000001800142a0     MSVCRT:initializers.obj
 0002:000002a8       __xp_z                     00000001800142a8     MSVCRT:initializers.obj
 0002:000002b0       __xt_a                     00000001800142b0     MSVCRT:initializers.obj
 0002:000002b8       __xt_z                     00000001800142b8     MSVCRT:initializers.obj
 0002:000002c0       _pDefaultRawDllMain        00000001800142c0     MSVCRT:dll_dllmain.obj
 0002:000002c0       _pRawDllMain               00000001800142c0     MSVCRT:dll_dllmain.obj
 0002:000002d0       __xmm@ffffffffffffffffffffffffffffffff 00000001800142d0     MSVCRT:utility.obj
 0002:000002e0       ??_C@_06CJNJFBNP@1?42?411@ 00000001800142e0     compress.obj
 0002:00003600       _length_code               0000000180017600     trees.obj
 0002:00003700       _dist_code                 0000000180017700     trees.obj
 0002:000040d0       unz_copyright              00000001800180d0     unzip.obj
 0002:00004130       z_errmsg                   0000000180018130     zutil.obj
 0002:00004180       ??_C@_02DKCKIIND@?$CFs@    0000000180018180     gzlib.obj
 0002:00004188       ??_C@_07EBNKNFJN@?$DMfd?3?$CFd?$DO@ 0000000180018188     gzlib.obj
 0002:00004190       ??_C@_0O@BNNCBLEN@out?5of?5memory@ 0000000180018190     gzlib.obj
 0002:0000419e       ??_C@_00CNPNBAHC@@         000000018001819e     gzlib.obj
 0002:000041a0       ??_C@_02LMMGGCAJ@?3?5@     00000001800181a0     gzlib.obj
 0002:000041a4       ??_C@_06DIJPEION@?$CFs?$CFs?$CFs@ 00000001800181a4     gzlib.obj
 0002:000041b0       ??_C@_0BH@CFIIDOJD@unexpected?5end?5of?5file@ 00000001800181b0     gzread.obj
 0002:000041c8       ??_C@_0CH@CPOLIEKA@internal?5error?3?5inflate?5stream?5@ 00000001800181c8     gzread.obj
 0002:000041f0       ??_C@_0BG@HCKBMIHF@compressed?5data?5error@ 00000001800181f0     gzread.obj
 0002:00004208       ??_C@_0BP@HLDABFKK@request?5does?5not?5fit?5in?5an?5int@ 0000000180018208     gzread.obj
 0002:00004228       ??_C@_0CB@EGGJDMIK@request?5does?5not?5fit?5in?5a?5size_@ 0000000180018228     gzread.obj
 0002:00004250       ??_C@_0BP@IIKIGMCC@out?5of?5room?5to?5push?5characters@ 0000000180018250     gzread.obj
 0002:00004270       ??_C@_0CH@DEEGAHIB@internal?5error?3?5deflate?5stream?5@ 0000000180018270     gzwrite.obj
 0002:00004298       ??_C@_0CF@MLPJFDMM@requested?5length?5does?5not?5fit?5i@ 0000000180018298     gzwrite.obj
 0002:000042c0       ??_C@_0BD@PJCBIDD@invalid?5block?5type@ 00000001800182c0     infback.obj
 0002:000042d8       ??_C@_0BN@LGAADGOK@invalid?5stored?5block?5lengths@ 00000001800182d8     infback.obj
 0002:000042f8       ??_C@_0CE@GMIGFPBB@too?5many?5length?5or?5distance?5sym@ 00000001800182f8     infback.obj
 0002:00004320       ??_C@_0BJ@HDEPPGOH@invalid?5code?5lengths?5set@ 0000000180018320     infback.obj
 0002:00004340       ??_C@_0BK@BMMPFBBH@invalid?5bit?5length?5repeat@ 0000000180018340     infback.obj
 0002:00004360       ??_C@_0CF@DGDMADCD@invalid?5code?5?9?9?5missing?5end?9of?9@ 0000000180018360     infback.obj
 0002:00004388       ??_C@_0BM@IIMGAINC@invalid?5literal?1lengths?5set@ 0000000180018388     infback.obj
 0002:000043a8       ??_C@_0BG@GMDFCBGP@invalid?5distances?5set@ 00000001800183a8     infback.obj
 0002:000043c0       ??_C@_0BM@FFFLPBBC@invalid?5literal?1length?5code@ 00000001800183c0     infback.obj
 0002:000043e0       ??_C@_0BG@LBKINIKP@invalid?5distance?5code@ 00000001800183e0     infback.obj
 0002:000043f8       ??_C@_0BO@ECPMAOGG@invalid?5distance?5too?5far?5back@ 00000001800183f8     infback.obj
 0002:00004418       ??_C@_0BH@LIBMMIGA@incorrect?5header?5check@ 0000000180018418     inflate.obj
 0002:00004430       ??_C@_0BL@IHKGDAEE@unknown?5compression?5method@ 0000000180018430     inflate.obj
 0002:00004450       ??_C@_0BE@EMOGCLGO@invalid?5window?5size@ 0000000180018450     inflate.obj
 0002:00004468       ??_C@_0BJ@BLBBCOMO@unknown?5header?5flags?5set@ 0000000180018468     inflate.obj
 0002:00004488       ??_C@_0BE@GONKLEPM@header?5crc?5mismatch@ 0000000180018488     inflate.obj
 0002:000044a0       ??_C@_0BF@MEIGEHBE@incorrect?5data?5check@ 00000001800184a0     inflate.obj
 0002:000044b8       ??_C@_0BH@FGKKJGOC@incorrect?5length?5check@ 00000001800184b8     inflate.obj
 0002:000044d0       ??_C@_02JDPG@rb@           00000001800184d0     ioapi.obj
 0002:000044d4       ??_C@_03HMFOOINA@r?$CLb@   00000001800184d4     ioapi.obj
 0002:000044d8       ??_C@_02GMLFBBN@wb@        00000001800184d8     ioapi.obj
 0002:000044dc       ??_C@_01JOAMLHOP@?9@       00000001800184dc     zip.obj
 0002:000044e0       ??_C@_0BA@MOKMMFOD@need?5dictionary@ 00000001800184e0     zutil.obj
 0002:000044f0       ??_C@_0L@FNAOCBOG@stream?5end@ 00000001800184f0     zutil.obj
 0002:00004500       ??_C@_0L@KIJFAKBJ@file?5error@ 0000000180018500     zutil.obj
 0002:00004510       ??_C@_0N@MKKNPMJD@stream?5error@ 0000000180018510     zutil.obj
 0002:00004520       ??_C@_0L@HAHMBNLP@data?5error@ 0000000180018520     zutil.obj
 0002:00004530       ??_C@_0BE@OGGJBMCE@insufficient?5memory@ 0000000180018530     zutil.obj
 0002:00004548       ??_C@_0N@DFPGLBGC@buffer?5error@ 0000000180018548     zutil.obj
 0002:00004558       ??_C@_0BF@CJFPCCEG@incompatible?5version@ 0000000180018558     zutil.obj
 0002:00004570       _load_config_used          0000000180018570     MSVCRT:loadcfg.obj
 0002:00004780       __CastGuardVftablesStart   0000000180018780     MSVCRT:guard_support.obj
 0002:00004800       __CastGuardVftablesEnd     0000000180018800     MSVCRT:guard_support.obj
 0002:00004880       __volatile_metadata        0000000180018880     <linker-defined>
 0002:00004c40       __rtc_iaa                  0000000180018c40     MSVCRT:initsect.obj
 0002:00004c48       __rtc_izz                  0000000180018c48     MSVCRT:initsect.obj
 0002:00004c50       __rtc_taa                  0000000180018c50     MSVCRT:initsect.obj
 0002:00004c58       __rtc_tzz                  0000000180018c58     MSVCRT:initsect.obj
 0002:0000717c       __IMPORT_DESCRIPTOR_KERNEL32 000000018001b17c     kernel32:KERNEL32.dll
 0002:00007190       __IMPORT_DESCRIPTOR_VCRUNTIME140 000000018001b190     vcruntime:VCRUNTIME140.dll
 0002:000071a4       __IMPORT_DESCRIPTOR_api-ms-win-crt-stdio-l1-1-0 000000018001b1a4     ucrt:api-ms-win-crt-stdio-l1-1-0.dll
 0002:000071b8       __IMPORT_DESCRIPTOR_api-ms-win-crt-convert-l1-1-0 000000018001b1b8     ucrt:api-ms-win-crt-convert-l1-1-0.dll
 0002:000071cc       __IMPORT_DESCRIPTOR_api-ms-win-crt-heap-l1-1-0 000000018001b1cc     ucrt:api-ms-win-crt-heap-l1-1-0.dll
 0002:000071e0       __IMPORT_DESCRIPTOR_api-ms-win-crt-runtime-l1-1-0 000000018001b1e0     ucrt:api-ms-win-crt-runtime-l1-1-0.dll
 0002:000071f4       __IMPORT_DESCRIPTOR_api-ms-win-crt-utility-l1-1-0 000000018001b1f4     ucrt:api-ms-win-crt-utility-l1-1-0.dll
 0002:00007208       __IMPORT_DESCRIPTOR_api-ms-win-crt-time-l1-1-0 000000018001b208     ucrt:api-ms-win-crt-time-l1-1-0.dll
 0002:0000721c       __NULL_IMPORT_DESCRIPTOR   000000018001b21c     kernel32:KERNEL32.dll
 0003:00000000       __scrt_native_dllmain_reason 000000018001c000     MSVCRT:utility.obj
 0003:00000040       __security_cookie          000000018001c040     MSVCRT:gs_cookie.obj
 0003:00000080       __security_cookie_complement 000000018001c080     MSVCRT:gs_cookie.obj
 0003:00000088       __isa_inverted             000000018001c088     MSVCRT:cpu_disp.obj
 0003:00000090       __isa_available            000000018001c090     MSVCRT:cpu_disp.obj
 0003:00000094       __isa_enabled              000000018001c094     MSVCRT:cpu_disp.obj
 0003:00000098       __memset_fast_string_threshold 000000018001c098     MSVCRT:cpu_disp.obj
 0003:000000a0       __memset_nt_threshold      000000018001c0a0     MSVCRT:cpu_disp.obj
 0003:000000b0       __scrt_ucrt_dll_is_in_use  000000018001c0b0     MSVCRT:ucrt_stubs.obj
 0003:000000d0       ?__type_info_root_node@@3U__type_info_node@@A 000000018001c0d0     MSVCRT:tncleanup.obj
 0003:000000e0       ?_OptionsStorage@?1??__local_stdio_printf_options@@9@4_KA 000000018001c0e0     MSVCRT:default_local_stdio_options.obj
 0003:000000e8       ?_OptionsStorage@?1??__local_stdio_scanf_options@@9@4_KA 000000018001c0e8     MSVCRT:default_local_stdio_options.obj
 0003:000000f0       __scrt_current_native_startup_state 000000018001c0f0     MSVCRT:utility.obj
 0003:000000f8       __scrt_native_startup_lock 000000018001c0f8     MSVCRT:utility.obj
 0003:00000138       __scrt_debugger_hook_flag  000000018001c138     MSVCRT:utility_desktop.obj
 0003:00000140       __castguard_check_failure_user_handled_fptr 000000018001c140     MSVCRT:guard_support.obj
 0003:00000148       __avx10_version            000000018001c148     MSVCRT:cpu_disp.obj
 0003:0000014c       __favor                    000000018001c14c     MSVCRT:cpu_disp.obj
 0003:00000158       __dyn_tls_init_callback    000000018001c158     <common>
 0003:00000160       ?_OptionsStorage@?1??__local_stdio_printf_options@@9@9 000000018001c160     <common>
 0003:00000168       ?_OptionsStorage@?1??__local_stdio_scanf_options@@9@9 000000018001c168     <common>

 entry point at        0001:00011988

 Static symbols

 0000:fffdf000       .debug$S                   0000000180000000     zlibwapi.exp
 0000:fffdf000       .debug$S                   0000000180000000     ucrt:api-ms-win-crt-convert-l1-1-0.dll
 0000:fffdf000       .debug$S                   0000000180000000     ucrt:api-ms-win-crt-heap-l1-1-0.dll
 0000:fffdf000       .debug$S                   0000000180000000     ucrt:api-ms-win-crt-heap-l1-1-0.dll
 0000:fffdf000       .debug$S                   0000000180000000     ucrt:api-ms-win-crt-runtime-l1-1-0.dll
 0000:fffdf000       .debug$S                   0000000180000000     ucrt:api-ms-win-crt-runtime-l1-1-0.dll
 0000:fffdf000       .debug$S                   0000000180000000     ucrt:api-ms-win-crt-runtime-l1-1-0.dll
 0000:fffdf000       .debug$S                   0000000180000000     ucrt:api-ms-win-crt-runtime-l1-1-0.dll
 0000:fffdf000       .debug$S                   0000000180000000     ucrt:api-ms-win-crt-runtime-l1-1-0.dll
 0000:fffdf000       .debug$S                   0000000180000000     ucrt:api-ms-win-crt-runtime-l1-1-0.dll
 0000:fffdf000       .debug$S                   0000000180000000     ucrt:api-ms-win-crt-runtime-l1-1-0.dll
 0000:fffdf000       .debug$S                   0000000180000000     ucrt:api-ms-win-crt-runtime-l1-1-0.dll
 0000:fffdf000       .debug$S                   0000000180000000     ucrt:api-ms-win-crt-runtime-l1-1-0.dll
 0000:fffdf000       .debug$S                   0000000180000000     ucrt:api-ms-win-crt-runtime-l1-1-0.dll
 0000:fffdf000       .debug$S                   0000000180000000     ucrt:api-ms-win-crt-runtime-l1-1-0.dll
 0000:fffdf000       .debug$S                   0000000180000000     ucrt:api-ms-win-crt-runtime-l1-1-0.dll
 0000:fffdf000       .debug$S                   0000000180000000     ucrt:api-ms-win-crt-runtime-l1-1-0.dll
 0000:fffdf000       .debug$S                   0000000180000000     ucrt:api-ms-win-crt-runtime-l1-1-0.dll
 0000:fffdf000       .debug$S                   0000000180000000     ucrt:api-ms-win-crt-stdio-l1-1-0.dll
 0000:fffdf000       .debug$S                   0000000180000000     ucrt:api-ms-win-crt-stdio-l1-1-0.dll
 0000:fffdf000       .debug$S                   0000000180000000     ucrt:api-ms-win-crt-stdio-l1-1-0.dll
 0000:fffdf000       .debug$S                   0000000180000000     ucrt:api-ms-win-crt-stdio-l1-1-0.dll
 0000:fffdf000       .debug$S                   0000000180000000     ucrt:api-ms-win-crt-stdio-l1-1-0.dll
 0000:fffdf000       .debug$S                   0000000180000000     ucrt:api-ms-win-crt-stdio-l1-1-0.dll
 0000:fffdf000       .debug$S                   0000000180000000     ucrt:api-ms-win-crt-stdio-l1-1-0.dll
 0000:fffdf000       .debug$S                   0000000180000000     ucrt:api-ms-win-crt-stdio-l1-1-0.dll
 0000:fffdf000       .debug$S                   0000000180000000     ucrt:api-ms-win-crt-stdio-l1-1-0.dll
 0000:fffdf000       .debug$S                   0000000180000000     ucrt:api-ms-win-crt-stdio-l1-1-0.dll
 0000:fffdf000       .debug$S                   0000000180000000     ucrt:api-ms-win-crt-stdio-l1-1-0.dll
 0000:fffdf000       .debug$S                   0000000180000000     ucrt:api-ms-win-crt-stdio-l1-1-0.dll
 0000:fffdf000       .debug$S                   0000000180000000     ucrt:api-ms-win-crt-stdio-l1-1-0.dll
 0000:fffdf000       .debug$S                   0000000180000000     ucrt:api-ms-win-crt-stdio-l1-1-0.dll
 0000:fffdf000       .debug$S                   0000000180000000     ucrt:api-ms-win-crt-stdio-l1-1-0.dll
 0000:fffdf000       .debug$S                   0000000180000000     ucrt:api-ms-win-crt-stdio-l1-1-0.dll
 0000:fffdf000       .debug$S                   0000000180000000     ucrt:api-ms-win-crt-time-l1-1-0.dll
 0000:fffdf000       .debug$S                   0000000180000000     ucrt:api-ms-win-crt-utility-l1-1-0.dll
 0000:fffdf000       .debug$S                   0000000180000000     ucrt:api-ms-win-crt-utility-l1-1-0.dll
 0000:fffdf000       .debug$S                   0000000180000000     kernel32:KERNEL32.dll
 0000:fffdf000       .debug$S                   0000000180000000     kernel32:KERNEL32.dll
 0000:fffdf000       .debug$S                   0000000180000000     kernel32:KERNEL32.dll
 0000:fffdf000       .debug$S                   0000000180000000     kernel32:KERNEL32.dll
 0000:fffdf000       .debug$S                   0000000180000000     kernel32:KERNEL32.dll
 0000:fffdf000       .debug$S                   0000000180000000     kernel32:KERNEL32.dll
 0000:fffdf000       .debug$S                   0000000180000000     kernel32:KERNEL32.dll
 0000:fffdf000       .debug$S                   0000000180000000     kernel32:KERNEL32.dll
 0000:fffdf000       .debug$S                   0000000180000000     kernel32:KERNEL32.dll
 0000:fffdf000       .debug$S                   0000000180000000     kernel32:KERNEL32.dll
 0000:fffdf000       .debug$S                   0000000180000000     kernel32:KERNEL32.dll
 0000:fffdf000       .debug$S                   0000000180000000     kernel32:KERNEL32.dll
 0000:fffdf000       .debug$S                   0000000180000000     kernel32:KERNEL32.dll
 0000:fffdf000       .debug$S                   0000000180000000     kernel32:KERNEL32.dll
 0000:fffdf000       .debug$S                   0000000180000000     kernel32:KERNEL32.dll
 0000:fffdf000       .debug$S                   0000000180000000     kernel32:KERNEL32.dll
 0000:fffdf000       .debug$S                   0000000180000000     kernel32:KERNEL32.dll
 0000:fffdf000       .debug$S                   0000000180000000     kernel32:KERNEL32.dll
 0000:fffdf000       .debug$S                   0000000180000000     kernel32:KERNEL32.dll
 0000:fffdf000       .debug$S                   0000000180000000     kernel32:KERNEL32.dll
 0000:fffdf000       .debug$S                   0000000180000000     kernel32:KERNEL32.dll
 0000:fffdf000       .debug$S                   0000000180000000     kernel32:KERNEL32.dll
 0000:00000000       _volmd                     0000000180000000     MSVCRT:cpu_disp.obj
 0002:fffec000       __guard_ehcont_?dllmain_dispatch@@YAHQEAUHINSTANCE__@@KQEAX@Z 0000000180000000     MSVCRT:dll_dllmain.obj
 0002:fffec000       __guard_fids_?dllmain_dispatch@@YAHQEAUHINSTANCE__@@KQEAX@Z 0000000180000000     MSVCRT:dll_dllmain.obj
 0002:fffec000       __guard_fids__             0000000180000000     MSVCRT:guard_support.obj
 0002:fffec000       __guard_fids__             0000000180000000     MSVCRT:guard_support.obj
 0002:fffec000       __guard_fids__guard_icall_checks_enforced 0000000180000000     MSVCRT:guard_support.obj
 0000:00000000       _volmd                     0000000180000000     MSVCRT:guard_support.obj
 0000:00000000       _volmd                     0000000180000000     MSVCRT:guard_support.obj
 0000:00000000       _volmd                     0000000180000000     MSVCRT:guard_support.obj
 0000:00000000       _volmd                     0000000180000000     MSVCRT:guard_support.obj
 0000:00000000       _volmd                     0000000180000000     MSVCRT:guard_support.obj
 0000:00000000       _volmd                     0000000180000000     MSVCRT:guard_support.obj
 0000:00000000       _volmd                     0000000180000000     MSVCRT:guard_support.obj
 0000:00000000       _volmd                     0000000180000000     MSVCRT:guard_support.obj
 0000:00000000       _volmd                     0000000180000000     MSVCRT:guard_support.obj
 0000:00000000       _volmd                     0000000180000000     MSVCRT:guard_support.obj
 0002:fffec000       __guard_ehcont___scrt_is_nonwritable_in_current_image 0000000180000000     MSVCRT:utility.obj
 0000:00000000       _volmd                     0000000180000000     MSVCRT:utility.obj
 0000:00000000       _volmd                     0000000180000000     MSVCRT:utility.obj
 0000:00000000       _volmd                     0000000180000000     MSVCRT:utility.obj
 0002:fffec000       __guard_fids___scrt_set_unhandled_exception_filter 0000000180000000     MSVCRT:utility_desktop.obj
 0000:00000000       _volmd                     0000000180000000     MSVCRT:utility_desktop.obj
 0002:fffec000       __guard_fids__             0000000180000000     vcruntime:softmemtag.obj
 0000:fffdf000       .debug$S                   0000000180000000     vcruntime:VCRUNTIME140.dll
 0000:fffdf000       .debug$S                   0000000180000000     vcruntime:VCRUNTIME140.dll
 0000:fffdf000       .debug$S                   0000000180000000     vcruntime:VCRUNTIME140.dll
 0000:fffdf000       .debug$S                   0000000180000000     vcruntime:VCRUNTIME140.dll
 0000:fffdf000       .debug$S                   0000000180000000     vcruntime:VCRUNTIME140.dll
 0000:fffdf000       .debug$S                   0000000180000000     vcruntime:VCRUNTIME140.dll
 0000:fffdf000       .debug$S                   0000000180000000     vcruntime:VCRUNTIME140.dll
 0001:000002f0       adler32_combine_           00000001800012f0 f   adler32.obj
 0001:00000550       crc32_little               0000000180001550 f   crc32.obj
 0001:00000860       crc32_big                  0000000180001860 f   crc32.obj
 0001:00000b90       gf2_matrix_times           0000000180001b90 f   crc32.obj
 0001:00000bb0       gf2_matrix_square          0000000180001bb0 f   crc32.obj
 0001:00000bf0       crc32_combine_             0000000180001bf0 f   crc32.obj
 0001:00000db0       slide_hash                 0000000180001db0 f   deflate.obj
 0001:00001100       deflateStateCheck          0000000180002100 f   deflate.obj
 0001:000018e0       putShortMSB                00000001800028e0 f   deflate.obj
 0001:00001910       flush_pending              0000000180002910 f   deflate.obj
 0001:000025f0       read_buf                   00000001800035f0 f   deflate.obj
 0001:00002690       lm_init                    0000000180003690 f   deflate.obj
 0001:00002750       fill_window                0000000180003750 f   deflate.obj
 0001:00002960       deflate_stored             0000000180003960 f   deflate.obj
 0001:00002d70       deflate_fast               0000000180003d70 f   deflate.obj
 0001:00003200       deflate_slow               0000000180004200 f   deflate.obj
 0001:00003770       deflate_rle                0000000180004770 f   deflate.obj
 0001:00003ad0       deflate_huff               0000000180004ad0 f   deflate.obj
 0001:00003dc0       gz_reset                   0000000180004dc0 f   gzlib.obj
 0001:00003e10       gz_open                    0000000180004e10 f   gzlib.obj
 0001:000040bc       $LN60                      00000001800050bc     gzlib.obj
 0001:000040e8       $LN59                      00000001800050e8     gzlib.obj
 0001:000046b0       gz_load                    00000001800056b0 f   gzread.obj
 0001:00004760       gz_avail                   0000000180005760 f   gzread.obj
 0001:000047f0       gz_look                    00000001800057f0 f   gzread.obj
 0001:000049d0       gz_decomp                  00000001800059d0 f   gzread.obj
 0001:00004b00       gz_fetch                   0000000180005b00 f   gzread.obj
 0001:00004bb0       gz_skip                    0000000180005bb0 f   gzread.obj
 0001:00004c30       gz_read                    0000000180005c30 f   gzread.obj
 0001:00005260       gz_init                    0000000180006260 f   gzwrite.obj
 0001:00005390       gz_comp                    0000000180006390 f   gzwrite.obj
 0001:00005560       gz_zero                    0000000180006560 f   gzwrite.obj
 0001:00005610       gz_write                   0000000180006610 f   gzwrite.obj
 0001:00005e70       fixedtables                0000000180006e70 f   infback.obj
 0001:00006dd8       $LN485                     0000000180007dd8     infback.obj
 0001:00007050       inflateStateCheck          0000000180008050 f   inflate.obj
 0001:00007360       fixedtables                0000000180008360 f   inflate.obj
 0001:00007390       updatewindow               0000000180008390 f   inflate.obj
 0001:00008c20       $LN844                     0000000180009c20     inflate.obj
 0001:00008ea0       syncsearch                 0000000180009ea0 f   inflate.obj
 0001:000099e0       fopen_file_func            000000018000a9e0 f   ioapi.obj
 0001:00009a30       fopen64_file_func          000000018000aa30 f   ioapi.obj
 0001:00009a80       fread_file_func            000000018000aa80 f   ioapi.obj
 0001:00009aa0       fwrite_file_func           000000018000aaa0 f   ioapi.obj
 0001:00009ac0       ftell_file_func            000000018000aac0 f   ioapi.obj
 0001:00009ad0       ftell64_file_func          000000018000aad0 f   ioapi.obj
 0001:00009ae0       fseek_file_func            000000018000aae0 f   ioapi.obj
 0001:00009b30       fseek64_file_func          000000018000ab30 f   ioapi.obj
 0001:00009b80       fclose_file_func           000000018000ab80 f   ioapi.obj
 0001:00009b90       ferror_file_func           000000018000ab90 f   ioapi.obj
 0001:00009c00       win32_translate_open_mode  000000018000ac00 f   iowin32.obj
 0001:00009c60       win32_build_iowin          000000018000ac60 f   iowin32.obj
 0001:00009fb0       MySetFilePointerEx         000000018000afb0 f   iowin32.obj
 0001:0000a3b0       tr_static_init             000000018000b3b0 f   trees.obj
 0001:0000a430       init_block                 000000018000b430 f   trees.obj
 0001:0000a600       pqdownheap                 000000018000b600 f   trees.obj
 0001:0000a6f0       gen_bitlen                 000000018000b6f0 f   trees.obj
 0001:0000a910       gen_codes                  000000018000b910 f   trees.obj
 0001:0000aa30       build_tree                 000000018000ba30 f   trees.obj
 0001:0000ac80       scan_tree                  000000018000bc80 f   trees.obj
 0001:0000ad90       send_tree                  000000018000bd90 f   trees.obj
 0001:0000b280       build_bl_tree              000000018000c280 f   trees.obj
 0001:0000b350       send_all_trees             000000018000c350 f   trees.obj
 0001:0000ba20       compress_block             000000018000ca20 f   trees.obj
 0001:0000be90       detect_data_type           000000018000ce90 f   trees.obj
 0001:0000bf10       bi_reverse                 000000018000cf10 f   trees.obj
 0001:0000bf30       bi_flush                   000000018000cf30 f   trees.obj
 0001:0000bfb0       bi_windup                  000000018000cfb0 f   trees.obj
 0001:0000c190       unz64local_getByte         000000018000d190 f   unzip.obj
 0001:0000c200       unz64local_getShort        000000018000d200 f   unzip.obj
 0001:0000c280       unz64local_getLong         000000018000d280 f   unzip.obj
 0001:0000c350       unz64local_getLong64       000000018000d350 f   unzip.obj
 0001:0000c4d0       strcmpcasenosensitive_internal 000000018000d4d0 f   unzip.obj
 0001:0000c580       unz64local_SearchCentralDir 000000018000d580 f   unzip.obj
 0001:0000c6f0       unz64local_SearchCentralDir64 000000018000d6f0 f   unzip.obj
 0001:0000c910       unzOpenInternal            000000018000d910 f   unzip.obj
 0001:0000ced0       unz64local_DosDateToTmuDate 000000018000ded0 f   unzip.obj
 0001:0000cf30       unz64local_GetCurrentFileInfoInternal 000000018000df30 f   unzip.obj
 0001:0000da80       unz64local_CheckCurrentFileCoherencyHeader 000000018000ea80 f   unzip.obj
 0001:0000e560       time                       000000018000f560 f   zip.obj
 0001:0000e570       decrypt_byte               000000018000f570 f   zip.obj
 0001:0000e590       update_keys                000000018000f590 f   zip.obj
 0001:0000e5f0       init_keys                  000000018000f5f0 f   zip.obj
 0001:0000e660       crypthead                  000000018000f660 f   zip.obj
 0001:0000e7b0       allocate_new_datablock     000000018000f7b0 f   zip.obj
 0001:0000e7e0       free_datablock             000000018000f7e0 f   zip.obj
 0001:0000e810       init_linkedlist            000000018000f810 f   zip.obj
 0001:0000e820       free_linkedlist            000000018000f820 f   zip.obj
 0001:0000e840       add_data_in_datablock      000000018000f840 f   zip.obj
 0001:0000e920       zip64local_putValue        000000018000f920 f   zip.obj
 0001:0000e9a0       zip64local_putValue_inmemory 000000018000f9a0 f   zip.obj
 0001:0000e9e0       zip64local_TmzDateToDosDate 000000018000f9e0 f   zip.obj
 0001:0000ea30       zip64local_getByte         000000018000fa30 f   zip.obj
 0001:0000eaa0       zip64local_getShort        000000018000faa0 f   zip.obj
 0001:0000eb20       zip64local_getLong         000000018000fb20 f   zip.obj
 0001:0000ebf0       zip64local_getLong64       000000018000fbf0 f   zip.obj
 0001:0000ed70       zip64local_SearchCentralDir 000000018000fd70 f   zip.obj
 0001:0000eee0       zip64local_SearchCentralDir64 000000018000fee0 f   zip.obj
 0001:00010330       zip64FlushWriteBuffer      0000000180011330 f   zip.obj
 0001:00011030       $$000000                   0000000180012030     gvmat64.obj
 0001:00011310       $$000000                   0000000180012310     inffasx64.obj
 0001:00011654       ?dllmain_crt_dispatch@@YAHQEAUHINSTANCE__@@KQEAX@Z 0000000180012654 f   MSVCRT:dll_dllmain.obj
 0001:000116a4       ?dllmain_crt_process_attach@@YAHQEAUHINSTANCE__@@QEAX@Z 00000001800126a4 f   MSVCRT:dll_dllmain.obj
 0001:000117bc       ?dllmain_crt_process_detach@@YAH_N@Z 00000001800127bc f   MSVCRT:dll_dllmain.obj
 0001:0001183c       ?dllmain_dispatch@@YAHQEAUHINSTANCE__@@KQEAX@Z 000000018001283c f   MSVCRT:dll_dllmain.obj
 0001:00011964       ?dllmain_raw@@YAHQEAUHINSTANCE__@@KQEAX@Z 0000000180012964 f   MSVCRT:dll_dllmain.obj
 0001:000119c8       __get_entropy              00000001800129c8 f   MSVCRT:gs_support.obj
 0001:00011b58       ?find_pe_section@@YAPEAU_IMAGE_SECTION_HEADER@@QEAE_K@Z 0000000180012b58 f   MSVCRT:utility.obj
 0001:00011bac       ?is_potentially_valid_image_base@@YA_NQEAX@Z 0000000180012bac f   MSVCRT:utility.obj
 0001:000122d8       __castguard_check_failure_os_handled_wrapper 00000001800132d8 f   MSVCRT:guard_support.obj
 0001:00012328       __castguard_check_failure_user_handled_wrapper 0000000180013328 f   MSVCRT:guard_support.obj
 0001:00012344       __castguard_compat_check   0000000180013344 f   MSVCRT:guard_support.obj
 0001:00012480       __castguard_slow_path_compat_check 0000000180013480 f   MSVCRT:guard_support.obj
 0001:00012910       $$000000                   0000000180013910     MSVCRT:chkstk.obj
 0001:00012980       $$000000                   0000000180013980     MSVCRT:guard_dispatch.obj
 0001:000129a0       $$000000                   00000001800139a0     MSVCRT:guard_xfg_dispatch.obj
 0001:000129b6       ?fin$0@?0??dllmain_crt_process_attach@@YAHQEAUHINSTANCE__@@QEAX@Z@4HA 00000001800139b6 f   MSVCRT:dll_dllmain.obj
 0001:000129cd       ?fin$0@?0??dllmain_crt_process_detach@@YAH_N@Z@4HA 00000001800139cd f   MSVCRT:dll_dllmain.obj
 0001:000129e6       ?fin$1@?0??dllmain_crt_process_detach@@YAH_N@Z@4HA 00000001800139e6 f   MSVCRT:dll_dllmain.obj
 0001:000129fa       ?filt$0@?0??dllmain_dispatch@@YAHQEAUHINSTANCE__@@KQEAX@Z@4HA 00000001800139fa f   MSVCRT:dll_dllmain.obj
 0001:00012a30       __scrt_is_nonwritable_in_current_image$filt$0 0000000180013a30 f   MSVCRT:utility.obj
 0002:000002f0       crc_table                  00000001800142f0     crc32.obj
 0002:000022f0       ?my_version@?1??deflateInit2_@@9@9 00000001800162f0     deflate.obj
 0002:00002300       configuration_table        0000000180016300     deflate.obj
 0002:000023a0       ?lenfix@?1??fixedtables@@9@9 00000001800163a0     infback.obj
 0002:00002ba0       ?distfix@?1??fixedtables@@9@9 0000000180016ba0     infback.obj
 0002:00002c20       ?order@?1??inflateBack@@9@9 0000000180016c20     infback.obj
 0002:00002c50       ?lenfix@?1??fixedtables@@9@9 0000000180016c50     inflate.obj
 0002:00003450       ?distfix@?1??fixedtables@@9@9 0000000180017450     inflate.obj
 0002:000034d0       ?order@?1??inflate@@9@9    00000001800174d0     inflate.obj
 0002:00003500       ?dext@?1??inflate_table@@9@9 0000000180017500     inftrees.obj
 0002:00003540       ?lext@?1??inflate_table@@9@9 0000000180017540     inftrees.obj
 0002:00003580       ?lbase@?1??inflate_table@@9@9 0000000180017580     inftrees.obj
 0002:000035c0       ?dbase@?1??inflate_table@@9@9 00000001800175c0     inftrees.obj
 0002:00003900       static_dtree               0000000180017900     trees.obj
 0002:00003980       extra_blbits               0000000180017980     trees.obj
 0002:000039d0       extra_lbits                00000001800179d0     trees.obj
 0002:00003a50       base_dist                  0000000180017a50     trees.obj
 0002:00003ad0       base_length                0000000180017ad0     trees.obj
 0002:00003b48       static_l_desc              0000000180017b48     trees.obj
 0002:00003b68       static_bl_desc             0000000180017b68     trees.obj
 0002:00003b90       extra_dbits                0000000180017b90     trees.obj
 0002:00003c10       static_ltree               0000000180017c10     trees.obj
 0002:00004090       static_d_desc              0000000180018090     trees.obj
 0002:000040b0       bl_order                   00000001800180b0     trees.obj
 0002:00004c60       $unwind$adler32_combine_   0000000180018c60     adler32.obj
 0002:00004c68       $unwind$compress2          0000000180018c68     compress.obj
 0002:00004c80       $unwind$compress           0000000180018c80     compress.obj
 0002:00004c88       $unwind$crc32_little       0000000180018c88     crc32.obj
 0002:00004c90       $chain$0$crc32_little      0000000180018c90     crc32.obj
 0002:00004ca4       $chain$1$crc32_little      0000000180018ca4     crc32.obj
 0002:00004cb4       $unwind$crc32_big          0000000180018cb4     crc32.obj
 0002:00004cbc       $chain$0$crc32_big         0000000180018cbc     crc32.obj
 0002:00004cd0       $chain$1$crc32_big         0000000180018cd0     crc32.obj
 0002:00004ce0       $unwind$gf2_matrix_square  0000000180018ce0     crc32.obj
 0002:00004ce8       $unwind$crc32_combine_     0000000180018ce8     crc32.obj
 0002:00004d00       $unwind$slide_hash         0000000180018d00     deflate.obj
 0002:00004d08       $unwind$deflateInit_       0000000180018d08     deflate.obj
 0002:00004d10       $unwind$deflateInit2_      0000000180018d10     deflate.obj
 0002:00004d20       $chain$1$deflateInit2_     0000000180018d20     deflate.obj
 0002:00004d38       $chain$2$deflateInit2_     0000000180018d38     deflate.obj
 0002:00004d4c       $chain$3$deflateInit2_     0000000180018d4c     deflate.obj
 0002:00004d5c       $chain$5$deflateInit2_     0000000180018d5c     deflate.obj
 0002:00004d78       $chain$6$deflateInit2_     0000000180018d78     deflate.obj
 0002:00004d90       $chain$7$deflateInit2_     0000000180018d90     deflate.obj
 0002:00004da0       $unwind$deflateSetDictionary 0000000180018da0     deflate.obj
 0002:00004db0       $chain$2$deflateSetDictionary 0000000180018db0     deflate.obj
 0002:00004dcc       $chain$3$deflateSetDictionary 0000000180018dcc     deflate.obj
 0002:00004ddc       $unwind$deflateGetDictionary 0000000180018ddc     deflate.obj
 0002:00004de8       $unwind$deflateResetKeep   0000000180018de8     deflate.obj
 0002:00004df8       $unwind$deflateReset       0000000180018df8     deflate.obj
 0002:00004e04       $unwind$deflateSetHeader   0000000180018e04     deflate.obj
 0002:00004e0c       $unwind$deflatePending     0000000180018e0c     deflate.obj
 0002:00004e14       $unwind$deflatePrime       0000000180018e14     deflate.obj
 0002:00004e20       $unwind$deflateParams      0000000180018e20     deflate.obj
 0002:00004e38       $unwind$deflateTune        0000000180018e38     deflate.obj
 0002:00004e40       $unwind$deflateBound       0000000180018e40     deflate.obj
 0002:00004e48       $unwind$flush_pending      0000000180018e48     deflate.obj
 0002:00004e58       $chain$0$flush_pending     0000000180018e58     deflate.obj
 0002:00004e6c       $chain$1$flush_pending     0000000180018e6c     deflate.obj
 0002:00004e7c       $unwind$deflate            0000000180018e7c     deflate.obj
 0002:00004e88       $chain$4$deflate           0000000180018e88     deflate.obj
 0002:00004eac       $chain$6$deflate           0000000180018eac     deflate.obj
 0002:00004ed0       $chain$7$deflate           0000000180018ed0     deflate.obj
 0002:00004ee4       $chain$8$deflate           0000000180018ee4     deflate.obj
 0002:00004ef4       $unwind$deflateEnd         0000000180018ef4     deflate.obj
 0002:00004f08       $chain$4$deflateEnd        0000000180018f08     deflate.obj
 0002:00004f20       $chain$5$deflateEnd        0000000180018f20     deflate.obj
 0002:00004f34       $unwind$deflateCopy        0000000180018f34     deflate.obj
 0002:00004f3c       $chain$1$deflateCopy       0000000180018f3c     deflate.obj
 0002:00004f54       $chain$3$deflateCopy       0000000180018f54     deflate.obj
 0002:00004f6c       $chain$4$deflateCopy       0000000180018f6c     deflate.obj
 0002:00004f7c       $unwind$read_buf           0000000180018f7c     deflate.obj
 0002:00004f90       $unwind$lm_init            0000000180018f90     deflate.obj
 0002:00004f9c       $unwind$fill_window        0000000180018f9c     deflate.obj
 0002:00004fb0       $unwind$deflate_stored     0000000180018fb0     deflate.obj
 0002:00004fc0       $chain$0$deflate_stored    0000000180018fc0     deflate.obj
 0002:00004fd4       $chain$3$deflate_stored    0000000180018fd4     deflate.obj
 0002:00004ff0       $chain$4$deflate_stored    0000000180018ff0     deflate.obj
 0002:00005004       $chain$5$deflate_stored    0000000180019004     deflate.obj
 0002:00005018       $unwind$deflate_fast       0000000180019018     deflate.obj
 0002:00005034       $unwind$deflate_slow       0000000180019034     deflate.obj
 0002:00005050       $unwind$deflate_rle        0000000180019050     deflate.obj
 0002:00005068       $unwind$deflate_huff       0000000180019068     deflate.obj
 0002:00005078       $unwind$vsnprintf          0000000180019078     gzlib.obj
 0002:0000508c       $unwind$snprintf           000000018001908c     gzlib.obj
 0002:0000509c       $unwind$gz_reset           000000018001909c     gzlib.obj
 0002:000050a8       $unwind$gz_open            00000001800190a8     gzlib.obj
 0002:000050c0       $chain$0$gz_open           00000001800190c0     gzlib.obj
 0002:000050d4       $chain$1$gz_open           00000001800190d4     gzlib.obj
 0002:000050e4       $chain$2$gz_open           00000001800190e4     gzlib.obj
 0002:000050f8       $chain$3$gz_open           00000001800190f8     gzlib.obj
 0002:00005108       $unwind$gzdopen            0000000180019108     gzlib.obj
 0002:00005118       $unwind$gzrewind           0000000180019118     gzlib.obj
 0002:00005120       $unwind$gzseek64           0000000180019120     gzlib.obj
 0002:00005134       $unwind$gzseek             0000000180019134     gzlib.obj
 0002:0000513c       $unwind$gztell             000000018001913c     gzlib.obj
 0002:00005144       $unwind$gzoffset64         0000000180019144     gzlib.obj
 0002:0000514c       $unwind$gzoffset           000000018001914c     gzlib.obj
 0002:00005154       $unwind$gz_error           0000000180019154     gzlib.obj
 0002:00005168       $unwind$gz_load            0000000180019168     gzread.obj
 0002:00005180       $unwind$gz_avail           0000000180019180     gzread.obj
 0002:00005188       $unwind$gz_look            0000000180019188     gzread.obj
 0002:00005198       $unwind$gz_decomp          0000000180019198     gzread.obj
 0002:000051ac       $unwind$gz_fetch           00000001800191ac     gzread.obj
 0002:000051b4       $unwind$gz_skip            00000001800191b4     gzread.obj
 0002:000051c0       $unwind$gz_read            00000001800191c0     gzread.obj
 0002:000051dc       $unwind$gzread             00000001800191dc     gzread.obj
 0002:000051e4       $unwind$gzfread            00000001800191e4     gzread.obj
 0002:000051ec       $unwind$gzgetc             00000001800191ec     gzread.obj
 0002:000051f4       $unwind$gzungetc           00000001800191f4     gzread.obj
 0002:00005200       $unwind$gzgets             0000000180019200     gzread.obj
 0002:0000521c       $unwind$gzdirect           000000018001921c     gzread.obj
 0002:00005224       $unwind$gzclose_r          0000000180019224     gzread.obj
 0002:0000522c       $chain$1$gzclose_r         000000018001922c     gzread.obj
 0002:00005244       $chain$2$gzclose_r         0000000180019244     gzread.obj
 0002:00005254       $unwind$gz_init            0000000180019254     gzwrite.obj
 0002:00005268       $unwind$gz_comp            0000000180019268     gzwrite.obj
 0002:0000527c       $chain$1$gz_comp           000000018001927c     gzwrite.obj
 0002:00005290       $chain$2$gz_comp           0000000180019290     gzwrite.obj
[...]
 0002:00006014       $unwind$zip64FlushWriteBuffer 000000018001a014     zip.obj
 0002:0000601c       $chain$0$zip64FlushWriteBuffer 000000018001a01c     zip.obj
 0002:00006030       $chain$3$zip64FlushWriteBuffer 000000018001a030     zip.obj
 0002:0000604c       $chain$4$zip64FlushWriteBuffer 000000018001a04c     zip.obj
 0002:0000605c       $chain$5$zip64FlushWriteBuffer 000000018001a05c     zip.obj
 0002:0000606c       $unwind$zipWriteInFileInZip 000000018001a06c     zip.obj
 0002:00006080       $chain$0$zipWriteInFileInZip 000000018001a080     zip.obj
 0002:00006094       $chain$2$zipWriteInFileInZip 000000018001a094     zip.obj
 0002:000060a8       $chain$3$zipWriteInFileInZip 000000018001a0a8     zip.obj
 0002:000060b8       $unwind$zipCloseFileInZipRaw64 000000018001a0b8     zip.obj
 0002:000060c8       $chain$3$zipCloseFileInZipRaw64 000000018001a0c8     zip.obj
 0002:000060e8       $chain$5$zipCloseFileInZipRaw64 000000018001a0e8     zip.obj
 0002:00006108       $chain$6$zipCloseFileInZipRaw64 000000018001a108     zip.obj
 0002:00006118       $unwind$Write_Zip64EndOfCentralDirectoryLocator 000000018001a118     zip.obj
 0002:00006124       $unwind$Write_Zip64EndOfCentralDirectoryRecord 000000018001a124     zip.obj
 0002:00006134       $unwind$Write_EndOfCentralDirectoryRecord 000000018001a134     zip.obj
 0002:00006140       $chain$0$Write_EndOfCentralDirectoryRecord 000000018001a140     zip.obj
 0002:00006154       $chain$2$Write_EndOfCentralDirectoryRecord 000000018001a154     zip.obj
 0002:0000616c       $chain$3$Write_EndOfCentralDirectoryRecord 000000018001a16c     zip.obj
 0002:0000617c       $chain$4$Write_EndOfCentralDirectoryRecord 000000018001a17c     zip.obj
 0002:0000618c       $unwind$Write_GlobalComment 000000018001a18c     zip.obj
 0002:000061a4       $unwind$zipClose           000000018001a1a4     zip.obj
 0002:000061b4       $chain$0$zipClose          000000018001a1b4     zip.obj
 0002:000061c8       $chain$1$zipClose          000000018001a1c8     zip.obj
 0002:000061dc       $chain$2$zipClose          000000018001a1dc     zip.obj
 0002:000061f0       $chain$3$zipClose          000000018001a1f0     zip.obj
 0002:00006200       $chain$4$zipClose          000000018001a200     zip.obj
 0002:00006210       $chain$5$zipClose          000000018001a210     zip.obj
 0002:00006220       $unwind$?dllmain_crt_process_attach@@YAHQEAUHINSTANCE__@@QEAX@Z 000000018001a220     MSVCRT:dll_dllmain.obj
 0002:0000625c       $unwind$?fin$0@?0??dllmain_crt_process_attach@@YAHQEAUHINSTANCE__@@QEAX@Z@4HA 000000018001a25c     MSVCRT:dll_dllmain.obj
 0002:00006264       $unwind$?dllmain_crt_process_detach@@YAH_N@Z 000000018001a264     MSVCRT:dll_dllmain.obj
 0002:000062b8       $unwind$?fin$0@?0??dllmain_crt_process_detach@@YAH_N@Z@4HA 000000018001a2b8     MSVCRT:dll_dllmain.obj
 0002:000062c0       $unwind$?fin$1@?0??dllmain_crt_process_detach@@YAH_N@Z@4HA 000000018001a2c0     MSVCRT:dll_dllmain.obj
 0002:000062c8       $unwind$?dllmain_crt_dispatch@@YAHQEAUHINSTANCE__@@KQEAX@Z 000000018001a2c8     MSVCRT:dll_dllmain.obj
 0002:000062d0       $unwind$?dllmain_dispatch@@YAHQEAUHINSTANCE__@@KQEAX@Z 000000018001a2d0     MSVCRT:dll_dllmain.obj
 0002:000062f8       $unwind$?filt$0@?0??dllmain_dispatch@@YAHQEAUHINSTANCE__@@KQEAX@Z@4HA 000000018001a2f8     MSVCRT:dll_dllmain.obj
 0002:00006300       $unwind$_DllMainCRTStartup 000000018001a300     MSVCRT:dll_dllmain.obj
 0002:00006310       $unwind$__security_init_cookie 000000018001a310     MSVCRT:gs_support.obj
 0002:0000631c       $unwind$__get_entropy      000000018001a31c     MSVCRT:gs_support.obj
 0002:00006324       $unwind$DllMain            000000018001a324     MSVCRT:dll_dllmain_stub.obj
 0002:0000632c       $unwind$__scrt_initialize_default_local_stdio_options 000000018001a32c     MSVCRT:default_local_stdio_options.obj
 0002:00006334       $unwind$atexit             000000018001a334     MSVCRT:utility.obj
 0002:0000633c       $unwind$_onexit            000000018001a33c     MSVCRT:utility.obj
 0002:00006344       $unwind$__scrt_is_nonwritable_in_current_image 000000018001a344     MSVCRT:utility.obj
 0002:00006364       $unwind$__scrt_is_nonwritable_in_current_image$filt$0 000000018001a364     MSVCRT:utility.obj
 0002:0000636c       $unwind$__scrt_acquire_startup_lock 000000018001a36c     MSVCRT:utility.obj
 0002:00006374       $unwind$__scrt_release_startup_lock 000000018001a374     MSVCRT:utility.obj
 0002:0000637c       $unwind$__scrt_initialize_crt 000000018001a37c     MSVCRT:utility.obj
 0002:00006384       $unwind$__scrt_uninitialize_crt 000000018001a384     MSVCRT:utility.obj
 0002:0000638c       $unwind$__scrt_initialize_onexit_tables 000000018001a38c     MSVCRT:utility.obj
 0002:00006394       $unwind$__scrt_dllmain_exception_filter 000000018001a394     MSVCRT:utility.obj
 0002:000063a8       $unwind$__scrt_dllmain_before_initialize_c 000000018001a3a8     MSVCRT:utility.obj
 0002:000063b0       $unwind$__scrt_dllmain_after_initialize_c 000000018001a3b0     MSVCRT:utility.obj
 0002:000063b8       $unwind$__scrt_dllmain_uninitialize_c 000000018001a3b8     MSVCRT:utility.obj
 0002:000063c0       $unwind$__scrt_dllmain_uninitialize_critical 000000018001a3c0     MSVCRT:utility.obj
 0002:000063c8       $unwind$__scrt_dllmain_crt_thread_attach 000000018001a3c8     MSVCRT:utility.obj
 0002:000063d0       $unwind$__scrt_dllmain_crt_thread_detach 000000018001a3d0     MSVCRT:utility.obj
 0002:000063d8       $unwind$?configure_argv@__scrt_narrow_argv_policy@@SAHXZ 000000018001a3d8     MSVCRT:utility.obj
 0002:000063e0       $unwind$__scrt_get_show_window_mode 000000018001a3e0     MSVCRT:utility_desktop.obj
 0002:000063e8       $unwind$__scrt_is_managed_app 000000018001a3e8     MSVCRT:utility_desktop.obj
 0002:000063f0       $unwind$__scrt_fastfail    000000018001a3f0     MSVCRT:utility_desktop.obj
 0002:00006400       $unwind$__scrt_unhandled_exception_filter 000000018001a400     MSVCRT:utility_desktop.obj
 0002:0000640c       $unwind$_RTC_Initialize    000000018001a40c     MSVCRT:initsect.obj
 0002:00006418       $unwind$_RTC_Terminate     000000018001a418     MSVCRT:initsect.obj
 0002:00006424       $unwind$__castguard_check_failure_os_handled_wrapper 000000018001a424     MSVCRT:guard_support.obj
 0002:0000642c       $unwind$__castguard_check_failure_user_handled_wrapper 000000018001a42c     MSVCRT:guard_support.obj
 0002:00006434       $unwind$__castguard_check_failure_os_handled 000000018001a434     MSVCRT:guard_support.obj
 0002:0000643c       $unwind$__castguard_check_failure_user_handled 000000018001a43c     MSVCRT:guard_support.obj
 0002:00006444       $unwind$__castguard_slow_path_check_os_handled 000000018001a444     MSVCRT:guard_support.obj
 0002:0000644c       $unwind$__castguard_slow_path_check_user_handled 000000018001a44c     MSVCRT:guard_support.obj
 0002:00006454       $unwind$__isa_available_init 000000018001a454     MSVCRT:cpu_disp.obj
 0002:00006468       $xdatasym                  000000018001a468     MSVCRT:guard_dispatch.obj
 0002:00006470       $xdatasym                  000000018001a470     MSVCRT:guard_xfg_dispatch.obj
 0002:00006478       $xdatasym                  000000018001a478     MSVCRT:chkstk.obj
 0002:00006480       .edata                     000000018001a480     zlibwapi.exp
 0002:000064a8       rgpv                       000000018001a4a8     zlibwapi.exp
 0002:00006764       rgszName                   000000018001a764     zlibwapi.exp
 0002:00006968       rgwOrd                     000000018001a968     zlibwapi.exp
 0002:00006a6a       szName                     000000018001aa6a     zlibwapi.exp
 0002:00006a77       $N00001                    000000018001aa77     zlibwapi.exp
 0002:00006a7f       $N00140                    000000018001aa7f     zlibwapi.exp
 0002:00006a8f       $N00174                    000000018001aa8f     zlibwapi.exp
 0002:00006a99       $N00002                    000000018001aa99     zlibwapi.exp
 0002:00006aa2       $N00039                    000000018001aaa2     zlibwapi.exp
 0002:00006aac       $N00046                    000000018001aaac     zlibwapi.exp
 0002:00006aba       $N00003                    000000018001aaba     zlibwapi.exp
 0002:00006ac0       $N00142                    000000018001aac0     zlibwapi.exp
 0002:00006ace       $N00175                    000000018001aace     zlibwapi.exp
 0002:00006ad6       $N00004                    000000018001aad6     zlibwapi.exp
 0002:00006ade       $N00047                    000000018001aade     zlibwapi.exp
 0002:00006aeb       $N00005                    000000018001aaeb     zlibwapi.exp
 0002:00006af7       $N00006                    000000018001aaf7     zlibwapi.exp
 0002:00006b02       $N00173                    000000018001ab02     zlibwapi.exp
 0002:00006b17       $N00007                    000000018001ab17     zlibwapi.exp
 0002:00006b25       $N00008                    000000018001ab25     zlibwapi.exp
 0002:00006b32       $N00009                    000000018001ab32     zlibwapi.exp
 0002:00006b40       $N00052                    000000018001ab40     zlibwapi.exp
 0002:00006b4f       $N00051                    000000018001ab4f     zlibwapi.exp
 0002:00006b5c       $N00010                    000000018001ab5c     zlibwapi.exp
 0002:00006b69       $N00164                    000000018001ab69     zlibwapi.exp
 0002:00006b7a       $N00011                    000000018001ab7a     zlibwapi.exp
 0002:00006b8f       $N00144                    000000018001ab8f     zlibwapi.exp
 0002:00006ba0       $N00145                    000000018001aba0     zlibwapi.exp
 0002:00006bac       $N00110                    000000018001abac     zlibwapi.exp
 0002:00006bc0       $N00111                    000000018001abc0     zlibwapi.exp
 0002:00006bd6       $N00112                    000000018001abd6     zlibwapi.exp
 0002:00006bed       $N00113                    000000018001abed     zlibwapi.exp
 0002:00006c04       $N00038                    000000018001ac04     zlibwapi.exp
 0002:00006c12       $N00146                    000000018001ac12     zlibwapi.exp
 0002:00006c1b       $N00048                    000000018001ac1b     zlibwapi.exp
 0002:00006c26       $N00012                    000000018001ac26     zlibwapi.exp
 0002:00006c2e       $N00147                    000000018001ac2e     zlibwapi.exp
 0002:00006c38       $N00148                    000000018001ac38     zlibwapi.exp
 0002:00006c42       $N00149                    000000018001ac42     zlibwapi.exp
 0002:00006c4b       $N00013                    000000018001ac4b     zlibwapi.exp
 0002:00006c53       $N00034                    000000018001ac53     zlibwapi.exp
 0002:00006c59       $N00014                    000000018001ac59     zlibwapi.exp
 0002:00006c61       $N00015                    000000018001ac61     zlibwapi.exp
 0002:00006c69       $N00171                    000000018001ac69     zlibwapi.exp
 0002:00006c71       $N00172                    000000018001ac71     zlibwapi.exp
 0002:00006c7a       $N00030                    000000018001ac7a     zlibwapi.exp
 0002:00006c81       $N00161                    000000018001ac81     zlibwapi.exp
 0002:00006c89       $N00041                    000000018001ac89     zlibwapi.exp
 0002:00006c90       $N00150                    000000018001ac90     zlibwapi.exp
 0002:00006c99       $N00016                    000000018001ac99     zlibwapi.exp
 0002:00006ca0       $N00165                    000000018001aca0     zlibwapi.exp
 0002:00006ca9       $N00028                    000000018001aca9     zlibwapi.exp
 0002:00006cb2       $N00029                    000000018001acb2     zlibwapi.exp
 0002:00006cb9       $N00040                    000000018001acb9     zlibwapi.exp
 0002:00006cc0       $N00017                    000000018001acc0     zlibwapi.exp
 0002:00006cc7       $N00032                    000000018001acc7     zlibwapi.exp
 0002:00006cd0       $N00031                    000000018001acd0     zlibwapi.exp
 0002:00006cd7       $N00035                    000000018001acd7     zlibwapi.exp
 0002:00006ce3       $N00033                    000000018001ace3     zlibwapi.exp
 0002:00006cea       $N00049                    000000018001acea     zlibwapi.exp
 0002:00006cf3       $N00167                    000000018001acf3     zlibwapi.exp
 0002:00006cfd       $N00018                    000000018001acfd     zlibwapi.exp
 0002:00006d05       $N00019                    000000018001ad05     zlibwapi.exp
 0002:00006d0d       $N00044                    000000018001ad0d     zlibwapi.exp
 0002:00006d19       $N00045                    000000018001ad19     zlibwapi.exp
 0002:00006d28       $N00043                    000000018001ad28     zlibwapi.exp
 0002:00006d39       $N00168                    000000018001ad39     zlibwapi.exp
 0002:00006d4a       $N00042                    000000018001ad4a     zlibwapi.exp
 0002:00006d56       $N00020                    000000018001ad56     zlibwapi.exp
 0002:00006d61       $N00166                    000000018001ad61     zlibwapi.exp
 0002:00006d76       $N00156                    000000018001ad76     zlibwapi.exp
 0002:00006d87       $N00021                    000000018001ad87     zlibwapi.exp
 0002:00006d95       $N00022                    000000018001ad95     zlibwapi.exp
 0002:00006da2       $N00157                    000000018001ada2     zlibwapi.exp
 0002:00006dae       $N00158                    000000018001adae     zlibwapi.exp
 0002:00006dbb       $N00023                    000000018001adbb     zlibwapi.exp
 0002:00006dc8       $N00159                    000000018001adc8     zlibwapi.exp
 0002:00006dd6       $N00163                    000000018001add6     zlibwapi.exp
 0002:00006de7       $N00024                    000000018001ade7     zlibwapi.exp
 0002:00006dfc       $N00025                    000000018001adfc     zlibwapi.exp
 0002:00006e08       $N00037                    000000018001ae08     zlibwapi.exp
 0002:00006e19       $N00160                    000000018001ae19     zlibwapi.exp
 0002:00006e2a       $N00169                    000000018001ae2a     zlibwapi.exp
 0002:00006e3a       $N00026                    000000018001ae3a     zlibwapi.exp
 0002:00006e45       $N00170                    000000018001ae45     zlibwapi.exp
 0002:00006e51       $N00062                    000000018001ae51     zlibwapi.exp
 0002:00006e5a       $N00072                    000000018001ae5a     zlibwapi.exp
 0002:00006e6e       $N00064                    000000018001ae6e     zlibwapi.exp
 0002:00006e84       $N00124                    000000018001ae84     zlibwapi.exp
 0002:00006e9c       $N00125                    000000018001ae9c     zlibwapi.exp
 0002:00006eba       $N00100                    000000018001aeba     zlibwapi.exp
 0002:00006ec8       $N00127                    000000018001aec8     zlibwapi.exp
 0002:00006ed8       $N00073                    000000018001aed8     zlibwapi.exp
 0002:00006eec       $N00063                    000000018001aeec     zlibwapi.exp
 0002:00006efd       $N00122                    000000018001aefd     zlibwapi.exp
 0002:00006f10       $N00076                    000000018001af10     zlibwapi.exp
 0002:00006f26       $N00101                    000000018001af26     zlibwapi.exp
 0002:00006f35       $N00128                    000000018001af35     zlibwapi.exp
 0002:00006f46       $N00065                    000000018001af46     zlibwapi.exp
 0002:00006f57       $N00066                    000000018001af57     zlibwapi.exp
 0002:00006f67       $N00075                    000000018001af67     zlibwapi.exp
 0002:00006f75       $N00061                    000000018001af75     zlibwapi.exp
 0002:00006f7d       $N00077                    000000018001af7d     zlibwapi.exp
 0002:00006f86       $N00121                    000000018001af86     zlibwapi.exp
 0002:00006f92       $N00120                    000000018001af92     zlibwapi.exp
 0002:00006f9c       $N00067                    000000018001af9c     zlibwapi.exp
 0002:00006faf       $N00078                    000000018001afaf     zlibwapi.exp
 0002:00006fc3       $N00069                    000000018001afc3     zlibwapi.exp
 0002:00006fd7       $N00079                    000000018001afd7     zlibwapi.exp
 0002:00006ff2       $N00068                    000000018001aff2     zlibwapi.exp
 0002:00007005       $N00074                    000000018001b005     zlibwapi.exp
 0002:0000701e       $N00071                    000000018001b01e     zlibwapi.exp
 0002:00007025       $N00070                    000000018001b025     zlibwapi.exp
 0002:0000702d       $N00126                    000000018001b02d     zlibwapi.exp
 0002:00007037       $N00036                    000000018001b037     zlibwapi.exp
 0002:0000703e       $N00084                    000000018001b03e     zlibwapi.exp
 0002:00007047       $N00083                    000000018001b047     zlibwapi.exp
 0002:00007059       $N00087                    000000018001b059     zlibwapi.exp
 0002:0000706e       $N00136                    000000018001b06e     zlibwapi.exp
 0002:00007085       $N00080                    000000018001b085     zlibwapi.exp
 0002:0000708d       $N00088                    000000018001b08d     zlibwapi.exp
 0002:00007096       $N00131                    000000018001b096     zlibwapi.exp
 0002:000070a2       $N00130                    000000018001b0a2     zlibwapi.exp
 0002:000070ac       $N00081                    000000018001b0ac     zlibwapi.exp
 0002:000070c0       $N00086                    000000018001b0c0     zlibwapi.exp
 0002:000070d5       $N00133                    000000018001b0d5     zlibwapi.exp
 0002:000070ed       $N00089                    000000018001b0ed     zlibwapi.exp
 0002:00007102       $N00134                    000000018001b102     zlibwapi.exp
 0002:0000711a       $N00135                    000000018001b11a     zlibwapi.exp
 0002:00007132       $N00132                    000000018001b132     zlibwapi.exp
 0002:00007148       $N00082                    000000018001b148     zlibwapi.exp
 0002:0000715c       $N00050                    000000018001b15c     zlibwapi.exp
 0002:0000716d       $N00027                    000000018001b16d     zlibwapi.exp
 0002:000074dc       .idata$6                   000000018001b4dc     kernel32:KERNEL32.dll
 0002:00007560       .idata$6                   000000018001b560     vcruntime:VCRUNTIME140.dll
 0002:0000775c       .idata$6                   000000018001b75c     ucrt:api-ms-win-crt-stdio-l1-1-0.dll
 0002:0000777c       .idata$6                   000000018001b77c     ucrt:api-ms-win-crt-convert-l1-1-0.dll
 0002:0000779e       .idata$6                   000000018001b79e     ucrt:api-ms-win-crt-heap-l1-1-0.dll
 0002:000077be       .idata$6                   000000018001b7be     ucrt:api-ms-win-crt-runtime-l1-1-0.dll
 0002:000077e0       .idata$6                   000000018001b7e0     ucrt:api-ms-win-crt-utility-l1-1-0.dll
 0002:00007802       .idata$6                   000000018001b802     ucrt:api-ms-win-crt-time-l1-1-0.dll
 0003:000000c0       ?__proc_attached@@3HA      000000018001c0c0     MSVCRT:dll_dllmain.obj
 0003:00000100       ?is_initialized_as_dll@@3_NA 000000018001c100     MSVCRT:utility.obj
 0003:00000101       ?module_local_atexit_table_initialized@@3_NA 000000018001c101     MSVCRT:utility.obj
 0003:00000108       ?module_local_atexit_table@@3U_onexit_table_t@@A 000000018001c108     MSVCRT:utility.obj
 0003:00000120       ?module_local_at_quick_exit_table@@3U_onexit_table_t@@A 000000018001c120     MSVCRT:utility.obj
 0003:00000150       ?calls@?1??crypthead@@9@9  000000018001c150     zip.obj
 0005:00000060       $R000000                   000000018001f060     zlib.res
